Archive member included to satisfy reference by file (symbol)

/opt/intelFPGA/21.1/nios2eds/bin/gnu/H-x86_64-pc-linux-gnu/bin/../lib/gcc/nios2-elf/11.2.1/../../../../../H-x86_64-pc-linux-gnu/nios2-elf/lib/libc.a(lib_a-puts.o)
                              obj/default/hello_ucosii.o (puts)
/opt/intelFPGA/21.1/nios2eds/bin/gnu/H-x86_64-pc-linux-gnu/bin/../lib/gcc/nios2-elf/11.2.1/../../../../../H-x86_64-pc-linux-gnu/nios2-elf/lib/libc.a(lib_a-strlen.o)
                              /opt/intelFPGA/21.1/nios2eds/bin/gnu/H-x86_64-pc-linux-gnu/bin/../lib/gcc/nios2-elf/11.2.1/../../../../../H-x86_64-pc-linux-gnu/nios2-elf/lib/libc.a(lib_a-puts.o) (strlen)
/opt/intelFPGA/21.1/nios2eds/bin/gnu/H-x86_64-pc-linux-gnu/bin/../lib/gcc/nios2-elf/11.2.1/../../../../../H-x86_64-pc-linux-gnu/nios2-elf/lib/libc.a(lib_a-findfp.o)
                              /opt/intelFPGA/21.1/nios2eds/bin/gnu/H-x86_64-pc-linux-gnu/bin/../lib/gcc/nios2-elf/11.2.1/../../../../../H-x86_64-pc-linux-gnu/nios2-elf/lib/libc.a(lib_a-puts.o) (__sinit)
/opt/intelFPGA/21.1/nios2eds/bin/gnu/H-x86_64-pc-linux-gnu/bin/../lib/gcc/nios2-elf/11.2.1/../../../../../H-x86_64-pc-linux-gnu/nios2-elf/lib/libc.a(lib_a-fvwrite.o)
                              /opt/intelFPGA/21.1/nios2eds/bin/gnu/H-x86_64-pc-linux-gnu/bin/../lib/gcc/nios2-elf/11.2.1/../../../../../H-x86_64-pc-linux-gnu/nios2-elf/lib/libc.a(lib_a-puts.o) (__sfvwrite_r)
/opt/intelFPGA/21.1/nios2eds/bin/gnu/H-x86_64-pc-linux-gnu/bin/../lib/gcc/nios2-elf/11.2.1/../../../../../H-x86_64-pc-linux-gnu/nios2-elf/lib/libc.a(lib_a-fwalk.o)
                              /opt/intelFPGA/21.1/nios2eds/bin/gnu/H-x86_64-pc-linux-gnu/bin/../lib/gcc/nios2-elf/11.2.1/../../../../../H-x86_64-pc-linux-gnu/nios2-elf/lib/libc.a(lib_a-findfp.o) (_fwalk)
/opt/intelFPGA/21.1/nios2eds/bin/gnu/H-x86_64-pc-linux-gnu/bin/../lib/gcc/nios2-elf/11.2.1/../../../../../H-x86_64-pc-linux-gnu/nios2-elf/lib/libc.a(lib_a-impure.o)
                              /opt/intelFPGA/21.1/nios2eds/bin/gnu/H-x86_64-pc-linux-gnu/bin/../lib/gcc/nios2-elf/11.2.1/../../../../../H-x86_64-pc-linux-gnu/nios2-elf/lib/libc.a(lib_a-findfp.o) (_global_impure_ptr)
/opt/intelFPGA/21.1/nios2eds/bin/gnu/H-x86_64-pc-linux-gnu/bin/../lib/gcc/nios2-elf/11.2.1/../../../../../H-x86_64-pc-linux-gnu/nios2-elf/lib/libc.a(lib_a-mallocr.o)
                              /opt/intelFPGA/21.1/nios2eds/bin/gnu/H-x86_64-pc-linux-gnu/bin/../lib/gcc/nios2-elf/11.2.1/../../../../../H-x86_64-pc-linux-gnu/nios2-elf/lib/libc.a(lib_a-findfp.o) (_malloc_r)
/opt/intelFPGA/21.1/nios2eds/bin/gnu/H-x86_64-pc-linux-gnu/bin/../lib/gcc/nios2-elf/11.2.1/../../../../../H-x86_64-pc-linux-gnu/nios2-elf/lib/libc.a(lib_a-memchr.o)
                              /opt/intelFPGA/21.1/nios2eds/bin/gnu/H-x86_64-pc-linux-gnu/bin/../lib/gcc/nios2-elf/11.2.1/../../../../../H-x86_64-pc-linux-gnu/nios2-elf/lib/libc.a(lib_a-fvwrite.o) (memchr)
/opt/intelFPGA/21.1/nios2eds/bin/gnu/H-x86_64-pc-linux-gnu/bin/../lib/gcc/nios2-elf/11.2.1/../../../../../H-x86_64-pc-linux-gnu/nios2-elf/lib/libc.a(lib_a-memcpy.o)
                              /opt/intelFPGA/21.1/nios2eds/bin/gnu/H-x86_64-pc-linux-gnu/bin/../lib/gcc/nios2-elf/11.2.1/../../../../../H-x86_64-pc-linux-gnu/nios2-elf/lib/libc.a(lib_a-fvwrite.o) (memcpy)
/opt/intelFPGA/21.1/nios2eds/bin/gnu/H-x86_64-pc-linux-gnu/bin/../lib/gcc/nios2-elf/11.2.1/../../../../../H-x86_64-pc-linux-gnu/nios2-elf/lib/libc.a(lib_a-memmove.o)
                              /opt/intelFPGA/21.1/nios2eds/bin/gnu/H-x86_64-pc-linux-gnu/bin/../lib/gcc/nios2-elf/11.2.1/../../../../../H-x86_64-pc-linux-gnu/nios2-elf/lib/libc.a(lib_a-fvwrite.o) (memmove)
/opt/intelFPGA/21.1/nios2eds/bin/gnu/H-x86_64-pc-linux-gnu/bin/../lib/gcc/nios2-elf/11.2.1/../../../../../H-x86_64-pc-linux-gnu/nios2-elf/lib/libc.a(lib_a-memset.o)
                              /opt/intelFPGA/21.1/nios2eds/bin/gnu/H-x86_64-pc-linux-gnu/bin/../lib/gcc/nios2-elf/11.2.1/../../../../../H-x86_64-pc-linux-gnu/nios2-elf/lib/libc.a(lib_a-findfp.o) (memset)
/opt/intelFPGA/21.1/nios2eds/bin/gnu/H-x86_64-pc-linux-gnu/bin/../lib/gcc/nios2-elf/11.2.1/../../../../../H-x86_64-pc-linux-gnu/nios2-elf/lib/libc.a(lib_a-reallocr.o)
                              /opt/intelFPGA/21.1/nios2eds/bin/gnu/H-x86_64-pc-linux-gnu/bin/../lib/gcc/nios2-elf/11.2.1/../../../../../H-x86_64-pc-linux-gnu/nios2-elf/lib/libc.a(lib_a-fvwrite.o) (_realloc_r)
/opt/intelFPGA/21.1/nios2eds/bin/gnu/H-x86_64-pc-linux-gnu/bin/../lib/gcc/nios2-elf/11.2.1/../../../../../H-x86_64-pc-linux-gnu/nios2-elf/lib/libc.a(lib_a-sbrkr.o)
                              /opt/intelFPGA/21.1/nios2eds/bin/gnu/H-x86_64-pc-linux-gnu/bin/../lib/gcc/nios2-elf/11.2.1/../../../../../H-x86_64-pc-linux-gnu/nios2-elf/lib/libc.a(lib_a-mallocr.o) (_sbrk_r)
/opt/intelFPGA/21.1/nios2eds/bin/gnu/H-x86_64-pc-linux-gnu/bin/../lib/gcc/nios2-elf/11.2.1/../../../../../H-x86_64-pc-linux-gnu/nios2-elf/lib/libc.a(lib_a-stdio.o)
[...]
Memory Configuration

Name             Origin             Length             Attributes
reset            0x0000000000000000 0x0000000000000020
sdram            0x0000000000000020 0x0000000003ffffe0
*default*        0x0000000000000000 0xffffffffffffffff

Linker script and memory map

LOAD ../hello_ucos_bsp//obj/HAL/src/crt0.o
LOAD obj/default/hello_ucosii.o
LOAD /opt/intelFPGA/21.1/nios2eds/bin/gnu/H-x86_64-pc-linux-gnu/bin/../lib/gcc/nios2-elf/11.2.1/../../../../../H-x86_64-pc-linux-gnu/nios2-elf/lib/libstdc++.a
LOAD /opt/intelFPGA/21.1/nios2eds/bin/gnu/H-x86_64-pc-linux-gnu/bin/../lib/gcc/nios2-elf/11.2.1/../../../../../H-x86_64-pc-linux-gnu/nios2-elf/lib/libm.a
LOAD /opt/intelFPGA/21.1/nios2eds/bin/gnu/H-x86_64-pc-linux-gnu/bin/../lib/gcc/nios2-elf/11.2.1/libgcc.a
START GROUP
LOAD /opt/intelFPGA/21.1/nios2eds/bin/gnu/H-x86_64-pc-linux-gnu/bin/../lib/gcc/nios2-elf/11.2.1/../../../../../H-x86_64-pc-linux-gnu/nios2-elf/lib/libc.a
LOAD /opt/intelFPGA/21.1/nios2eds/bin/gnu/H-x86_64-pc-linux-gnu/bin/../lib/gcc/nios2-elf/11.2.1/libgcc.a
LOAD ../hello_ucos_bsp//libucosii_bsp.a
LOAD /opt/intelFPGA/21.1/nios2eds/bin/gnu/H-x86_64-pc-linux-gnu/bin/../lib/gcc/nios2-elf/11.2.1/../../../../../H-x86_64-pc-linux-gnu/nios2-elf/lib/libm.a
END GROUP
LOAD /opt/intelFPGA/21.1/nios2eds/bin/gnu/H-x86_64-pc-linux-gnu/bin/../lib/gcc/nios2-elf/11.2.1/libgcc.a
                0x0000000000000000                __alt_mem_sdram = 0x0

.entry          0x0000000000000000       0x20
 *(.entry)
 .entry         0x0000000000000000       0x20 ../hello_ucos_bsp//obj/HAL/src/crt0.o
                0x0000000000000000                __reset

.exceptions     0x0000000000000020      0x218
                0x0000000000000020                PROVIDE (__ram_exceptions_start = ABSOLUTE (.))
                0x0000000000000020                . = ALIGN (0x20)
 *(.irq)
 *(.exceptions.entry.label)
 .exceptions.entry.label
                0x0000000000000020        0x0 ../hello_ucos_bsp//libucosii_bsp.a(alt_irq_entry.o)
                0x0000000000000020                alt_irq_entry
 .exceptions.entry.label
                0x0000000000000020        0x0 ../hello_ucos_bsp//libucosii_bsp.a(alt_exception_entry.o)
                0x0000000000000020                alt_exception
 *(.exceptions.entry.user)
 *(.exceptions.entry.ecc_fatal)
 *(.exceptions.entry)
 .exceptions.entry
                0x0000000000000020       0x54 ../hello_ucos_bsp//libucosii_bsp.a(alt_exception_entry.o)
 *(.exceptions.irqtest.user)
 *(.exceptions.irqtest)
 .exceptions.irqtest
                0x0000000000000074       0x10 ../hello_ucos_bsp//libucosii_bsp.a(alt_irq_entry.o)
 *(.exceptions.irqhandler.user)
 *(.exceptions.irqhandler)
 .exceptions.irqhandler
                0x0000000000000084        0x4 ../hello_ucos_bsp//libucosii_bsp.a(alt_irq_entry.o)
 *(.exceptions.irqreturn.user)
 *(.exceptions.irqreturn)
 .exceptions.irqreturn
                0x0000000000000088        0x4 ../hello_ucos_bsp//libucosii_bsp.a(alt_irq_entry.o)
 *(.exceptions.notirq.label)
 .exceptions.notirq.label
                0x000000000000008c        0x0 ../hello_ucos_bsp//libucosii_bsp.a(alt_irq_entry.o)
 *(.exceptions.notirq.user)
 *(.exceptions.notirq)
 .exceptions.notirq
                0x000000000000008c        0x8 ../hello_ucos_bsp//libucosii_bsp.a(alt_exception_entry.o)
 *(.exceptions.soft.user)
 *(.exceptions.soft)
 *(.exceptions.unknown.user)
 *(.exceptions.unknown)
 .exceptions.unknown
                0x0000000000000094       0x14 ../hello_ucos_bsp//libucosii_bsp.a(alt_exception_entry.o)
 *(.exceptions.exit.label)
 .exceptions.exit.label
                0x00000000000000a8        0x0 ../hello_ucos_bsp//libucosii_bsp.a(alt_irq_entry.o)
 .exceptions.exit.label
                0x00000000000000a8        0x0 ../hello_ucos_bsp//libucosii_bsp.a(alt_exception_entry.o)
 *(.exceptions.exit.user)
 *(.exceptions.exit)
 .exceptions.exit
                0x00000000000000a8       0x54 ../hello_ucos_bsp//libucosii_bsp.a(alt_exception_entry.o)
 *(.exceptions)
 .exceptions    0x00000000000000fc       0xc8 ../hello_ucos_bsp//libucosii_bsp.a(alt_irq_handler.o)
                0x00000000000000fc                alt_irq_handler
 .exceptions    0x00000000000001c4       0x74 ../hello_ucos_bsp//libucosii_bsp.a(alt_instruction_exception_entry.o)
                0x00000000000001c4                alt_instruction_exception_entry
                0x0000000000000238                PROVIDE (__ram_exceptions_end = ABSOLUTE (.))
                0x0000000000000020                PROVIDE (__flash_exceptions_start = LOADADDR (.exceptions))

.text           0x0000000000000238     0xda94
                [!provide]                        PROVIDE (stext = ABSOLUTE (.))
 *(.interp)
 *(.hash)
 *(.dynsym)
 *(.dynstr)
 *(.gnu.version)
 *(.gnu.version_d)
 *(.gnu.version_r)
 *(.rel.init)
 *(.rela.init)
 *(.rel.text .rel.text.* .rel.gnu.linkonce.t.*)
 *(.rela.text .rela.text.* .rela.gnu.linkonce.t.*)
 *(.rel.fini)
 *(.rela.fini)
 *(.rel.rodata .rel.rodata.* .rel.gnu.linkonce.r.*)
 *(.rela.rodata .rela.rodata.* .rela.gnu.linkonce.r.*)
 *(.rel.data .rel.data.* .rel.gnu.linkonce.d.*)
 *(.rela.data .rela.data.* .rela.gnu.linkonce.d.*)
 *(.rel.tdata .rel.tdata.* .rel.gnu.linkonce.td.*)
 *(.rela.tdata .rela.tdata.* .rela.gnu.linkonce.td.*)
 *(.rel.tbss .rel.tbss.* .rel.gnu.linkonce.tb.*)
 *(.rela.tbss .rela.tbss.* .rela.gnu.linkonce.tb.*)
 *(.rel.ctors)
 *(.rela.ctors)
 *(.rel.dtors)
 *(.rela.dtors)
 *(.rel.got)
 *(.rela.got)
 *(.rel.sdata .rel.sdata.* .rel.gnu.linkonce.s.*)
 *(.rela.sdata .rela.sdata.* .rela.gnu.linkonce.s.*)
 *(.rel.sbss .rel.sbss.* .rel.gnu.linkonce.sb.*)
 *(.rela.sbss .rela.sbss.* .rela.gnu.linkonce.sb.*)
 *(.rel.sdata2 .rel.sdata2.* .rel.gnu.linkonce.s2.*)
 *(.rela.sdata2 .rela.sdata2.* .rela.gnu.linkonce.s2.*)
 *(.rel.sbss2 .rel.sbss2.* .rel.gnu.linkonce.sb2.*)
 *(.rela.sbss2 .rela.sbss2.* .rela.gnu.linkonce.sb2.*)
 *(.rel.bss .rel.bss.* .rel.gnu.linkonce.b.*)
 *(.rela.bss .rela.bss.* .rela.gnu.linkonce.b.*)
 *(.rel.plt)
 *(.rela.plt)
 *(.rel.dyn)
 *(.init)
 *(.plt)
 *(.text .stub .text.* .gnu.linkonce.t.*)
 .text          0x0000000000000238       0x4c ../hello_ucos_bsp//obj/HAL/src/crt0.o
                0x0000000000000238                _start
 .text          0x0000000000000284      0x170 obj/default/hello_ucosii.o
                0x0000000000000284                task1
                0x00000000000002bc                task2
                0x00000000000002f4                main
 .text          0x00000000000003f4        0x0 /opt/intelFPGA/21.1/nios2eds/bin/gnu/H-x86_64-pc-linux-gnu/bin/../lib/gcc/nios2-elf/11.2.1/../../../../../H-x86_64-pc-linux-gnu/nios2-elf/lib/libc.a(lib_a-puts.o)
 .text._puts_r  0x00000000000003f4       0xcc /opt/intelFPGA/21.1/nios2eds/bin/gnu/H-x86_64-pc-linux-gnu/bin/../lib/gcc/nios2-elf/11.2.1/../../../../../H-x86_64-pc-linux-gnu/nios2-elf/lib/libc.a(lib_a-puts.o)
                0x00000000000003f4                _puts_r
 .text.puts     0x00000000000004c0       0x10 /opt/intelFPGA/21.1/nios2eds/bin/gnu/H-x86_64-pc-linux-gnu/bin/../lib/gcc/nios2-elf/11.2.1/../../../../../H-x86_64-pc-linux-gnu/nios2-elf/lib/libc.a(lib_a-puts.o)
                0x00000000000004c0                puts
 .text          0x00000000000004d0        0x0 /opt/intelFPGA/21.1/nios2eds/bin/gnu/H-x86_64-pc-linux-gnu/bin/../lib/gcc/nios2-elf/11.2.1/../../../../../H-x86_64-pc-linux-gnu/nios2-elf/lib/libc.a(lib_a-strlen.o)
 .text.strlen   0x00000000000004d0       0x98 /opt/intelFPGA/21.1/nios2eds/bin/gnu/H-x86_64-pc-linux-gnu/bin/../lib/gcc/nios2-elf/11.2.1/../../../../../H-x86_64-pc-linux-gnu/nios2-elf/lib/libc.a(lib_a-strlen.o)
                0x00000000000004d0                strlen
 .text          0x0000000000000568        0x0 /opt/intelFPGA/21.1/nios2eds/bin/gnu/H-x86_64-pc-linux-gnu/bin/../lib/gcc/nios2-elf/11.2.1/../../../../../H-x86_64-pc-linux-gnu/nios2-elf/lib/libc.a(lib_a-findfp.o)
 .text.__fp_lock
                0x0000000000000568        0x8 /opt/intelFPGA/21.1/nios2eds/bin/gnu/H-x86_64-pc-linux-gnu/bin/../lib/gcc/nios2-elf/11.2.1/../../../../../H-x86_64-pc-linux-gnu/nios2-elf/lib/libc.a(lib_a-findfp.o)
 .text._cleanup_r
                0x0000000000000570        0xc /opt/intelFPGA/21.1/nios2eds/bin/gnu/H-x86_64-pc-linux-gnu/bin/../lib/gcc/nios2-elf/11.2.1/../../../../../H-x86_64-pc-linux-gnu/nios2-elf/lib/libc.a(lib_a-findfp.o)
                0x0000000000000570                _cleanup_r
 .text.__fp_unlock
                0x000000000000057c        0x8 /opt/intelFPGA/21.1/nios2eds/bin/gnu/H-x86_64-pc-linux-gnu/bin/../lib/gcc/nios2-elf/11.2.1/../../../../../H-x86_64-pc-linux-gnu/nios2-elf/lib/libc.a(lib_a-findfp.o)
 .text.__sinit.part.0
                0x0000000000000584      0x168 /opt/intelFPGA/21.1/nios2eds/bin/gnu/H-x86_64-pc-linux-gnu/bin/../lib/gcc/nios2-elf/11.2.1/../../../../../H-x86_64-pc-linux-gnu/nios2-elf/lib/libc.a(lib_a-findfp.o)
 .text.__sfmoreglue
                0x00000000000006ec       0x68 /opt/intelFPGA/21.1/nios2eds/bin/gnu/H-x86_64-pc-linux-gnu/bin/../lib/gcc/nios2-elf/11.2.1/../../../../../H-x86_64-pc-linux-gnu/nios2-elf/lib/libc.a(lib_a-findfp.o)
                0x00000000000006ec                __sfmoreglue
 .text.__sfp    0x0000000000000754      0x13c /opt/intelFPGA/21.1/nios2eds/bin/gnu/H-x86_64-pc-linux-gnu/bin/../lib/gcc/nios2-elf/11.2.1/../../../../../H-x86_64-pc-linux-gnu/nios2-elf/lib/libc.a(lib_a-findfp.o)
                0x0000000000000754                __sfp
 .text._cleanup
                0x0000000000000890       0x14 /opt/intelFPGA/21.1/nios2eds/bin/gnu/H-x86_64-pc-linux-gnu/bin/../lib/gcc/nios2-elf/11.2.1/../../../../../H-x86_64-pc-linux-gnu/nios2-elf/lib/libc.a(lib_a-findfp.o)
                0x0000000000000890                _cleanup
 .text.__sinit  0x00000000000008a4       0x10 /opt/intelFPGA/21.1/nios2eds/bin/gnu/H-x86_64-pc-linux-gnu/bin/../lib/gcc/nios2-elf/11.2.1/../../../../../H-x86_64-pc-linux-gnu/nios2-elf/lib/libc.a(lib_a-findfp.o)
                0x00000000000008a4                __sinit
 .text.__sfp_lock_acquire
                0x00000000000008b4        0x4 /opt/intelFPGA/21.1/nios2eds/bin/gnu/H-x86_64-pc-linux-gnu/bin/../lib/gcc/nios2-elf/11.2.1/../../../../../H-x86_64-pc-linux-gnu/nios2-elf/lib/libc.a(lib_a-findfp.o)
                0x00000000000008b4                __sfp_lock_acquire
 .text.__sfp_lock_release
                0x00000000000008b8        0x4 /opt/intelFPGA/21.1/nios2eds/bin/gnu/H-x86_64-pc-linux-gnu/bin/../lib/gcc/nios2-elf/11.2.1/../../../../../H-x86_64-pc-linux-gnu/nios2-elf/lib/libc.a(lib_a-findfp.o)
                0x00000000000008b8                __sfp_lock_release
 .text.__sinit_lock_acquire
                0x00000000000008bc        0x4 /opt/intelFPGA/21.1/nios2eds/bin/gnu/H-x86_64-pc-linux-gnu/bin/../lib/gcc/nios2-elf/11.2.1/../../../../../H-x86_64-pc-linux-gnu/nios2-elf/lib/libc.a(lib_a-findfp.o)
                0x00000000000008bc                __sinit_lock_acquire
 .text.__sinit_lock_release
                0x00000000000008c0        0x4 /opt/intelFPGA/21.1/nios2eds/bin/gnu/H-x86_64-pc-linux-gnu/bin/../lib/gcc/nios2-elf/11.2.1/../../../../../H-x86_64-pc-linux-gnu/nios2-elf/lib/libc.a(lib_a-findfp.o)
                0x00000000000008c0                __sinit_lock_release
 .text.__fp_lock_all
                0x00000000000008c4       0x14 /opt/intelFPGA/21.1/nios2eds/bin/gnu/H-x86_64-pc-linux-gnu/bin/../lib/gcc/nios2-elf/11.2.1/../../../../../H-x86_64-pc-linux-gnu/nios2-elf/lib/libc.a(lib_a-findfp.o)
                0x00000000000008c4                __fp_lock_all
 .text.__fp_unlock_all
                0x00000000000008d8       0x14 /opt/intelFPGA/21.1/nios2eds/bin/gnu/H-x86_64-pc-linux-gnu/bin/../lib/gcc/nios2-elf/11.2.1/../../../../../H-x86_64-pc-linux-gnu/nios2-elf/lib/libc.a(lib_a-findfp.o)
                0x00000000000008d8                __fp_unlock_all
 .text          0x00000000000008ec        0x0 /opt/intelFPGA/21.1/nios2eds/bin/gnu/H-x86_64-pc-linux-gnu/bin/../lib/gcc/nios2-elf/11.2.1/../../../../../H-x86_64-pc-linux-gnu/nios2-elf/lib/libc.a(lib_a-fvwrite.o)
 .text.__sfvwrite_r
                0x00000000000008ec      0x4bc /opt/intelFPGA/21.1/nios2eds/bin/gnu/H-x86_64-pc-linux-gnu/bin/../lib/gcc/nios2-elf/11.2.1/../../../../../H-x86_64-pc-linux-gnu/nios2-elf/lib/libc.a(lib_a-fvwrite.o)
                0x00000000000008ec                __sfvwrite_r
 .text          0x0000000000000da8        0x0 /opt/intelFPGA/21.1/nios2eds/bin/gnu/H-x86_64-pc-linux-gnu/bin/../lib/gcc/nios2-elf/11.2.1/../../../../../H-x86_64-pc-linux-gnu/nios2-elf/lib/libc.a(lib_a-fwalk.o)
 .text._fwalk   0x0000000000000da8       0x98 /opt/intelFPGA/21.1/nios2eds/bin/gnu/H-x86_64-pc-linux-gnu/bin/../lib/gcc/nios2-elf/11.2.1/../../../../../H-x86_64-pc-linux-gnu/nios2-elf/lib/libc.a(lib_a-fwalk.o)
                0x0000000000000da8                _fwalk
 .text._fwalk_reent
                0x0000000000000e40       0xa8 /opt/intelFPGA/21.1/nios2eds/bin/gnu/H-x86_64-pc-linux-gnu/bin/../lib/gcc/nios2-elf/11.2.1/../../../../../H-x86_64-pc-linux-gnu/nios2-elf/lib/libc.a(lib_a-fwalk.o)
                0x0000000000000e40                _fwalk_reent
 .text          0x0000000000000ee8        0x0 /opt/intelFPGA/21.1/nios2eds/bin/gnu/H-x86_64-pc-linux-gnu/bin/../lib/gcc/nios2-elf/11.2.1/../../../../../H-x86_64-pc-linux-gnu/nios2-elf/lib/libc.a(lib_a-impure.o)
 .text          0x0000000000000ee8        0x0 /opt/intelFPGA/21.1/nios2eds/bin/gnu/H-x86_64-pc-linux-gnu/bin/../lib/gcc/nios2-elf/11.2.1/../../../../../H-x86_64-pc-linux-gnu/nios2-elf/lib/libc.a(lib_a-mallocr.o)
 .text._malloc_r
                0x0000000000000ee8      0x7e4 /opt/intelFPGA/21.1/nios2eds/bin/gnu/H-x86_64-pc-linux-gnu/bin/../lib/gcc/nios2-elf/11.2.1/../../../../../H-x86_64-pc-linux-gnu/nios2-elf/lib/libc.a(lib_a-mallocr.o)
                0x0000000000000ee8                _malloc_r
 .text          0x00000000000016cc        0x0 /opt/intelFPGA/21.1/nios2eds/bin/gnu/H-x86_64-pc-linux-gnu/bin/../lib/gcc/nios2-elf/11.2.1/../../../../../H-x86_64-pc-linux-gnu/nios2-elf/lib/libc.a(lib_a-memchr.o)
 .text.memchr   0x00000000000016cc       0xcc /opt/intelFPGA/21.1/nios2eds/bin/gnu/H-x86_64-pc-linux-gnu/bin/../lib/gcc/nios2-elf/11.2.1/../../../../../H-x86_64-pc-linux-gnu/nios2-elf/lib/libc.a(lib_a-memchr.o)
                0x00000000000016cc                memchr
 .text          0x0000000000001798        0x0 /opt/intelFPGA/21.1/nios2eds/bin/gnu/H-x86_64-pc-linux-gnu/bin/../lib/gcc/nios2-elf/11.2.1/../../../../../H-x86_64-pc-linux-gnu/nios2-elf/lib/libc.a(lib_a-memcpy.o)
 .text.memcpy   0x0000000000001798      0x100 /opt/intelFPGA/21.1/nios2eds/bin/gnu/H-x86_64-pc-linux-gnu/bin/../lib/gcc/nios2-elf/11.2.1/../../../../../H-x86_64-pc-linux-gnu/nios2-elf/lib/libc.a(lib_a-memcpy.o)
                0x0000000000001798                memcpy
 .text          0x0000000000001898        0x0 /opt/intelFPGA/21.1/nios2eds/bin/gnu/H-x86_64-pc-linux-gnu/bin/../lib/gcc/nios2-elf/11.2.1/../../../../../H-x86_64-pc-linux-gnu/nios2-elf/lib/libc.a(lib_a-memmove.o)
 .text.memmove  0x0000000000001898      0x12c /opt/intelFPGA/21.1/nios2eds/bin/gnu/H-x86_64-pc-linux-gnu/bin/../lib/gcc/nios2-elf/11.2.1/../../../../../H-x86_64-pc-linux-gnu/nios2-elf/lib/libc.a(lib_a-memmove.o)
                0x0000000000001898                memmove
 .text          0x00000000000019c4        0x0 /opt/intelFPGA/21.1/nios2eds/bin/gnu/H-x86_64-pc-linux-gnu/bin/../lib/gcc/nios2-elf/11.2.1/../../../../../H-x86_64-pc-linux-gnu/nios2-elf/lib/libc.a(lib_a-memset.o)
 .text.memset   0x00000000000019c4       0xf4 /opt/intelFPGA/21.1/nios2eds/bin/gnu/H-x86_64-pc-linux-gnu/bin/../lib/gcc/nios2-elf/11.2.1/../../../../../H-x86_64-pc-linux-gnu/nios2-elf/lib/libc.a(lib_a-memset.o)
                0x00000000000019c4                memset
 .text          0x0000000000001ab8        0x0 /opt/intelFPGA/21.1/nios2eds/bin/gnu/H-x86_64-pc-linux-gnu/bin/../lib/gcc/nios2-elf/11.2.1/../../../../../H-x86_64-pc-linux-gnu/nios2-elf/lib/libc.a(lib_a-reallocr.o)
 .text._realloc_r
                0x0000000000001ab8      0x570 /opt/intelFPGA/21.1/nios2eds/bin/gnu/H-x86_64-pc-linux-gnu/bin/../lib/gcc/nios2-elf/11.2.1/../../../../../H-x86_64-pc-linux-gnu/nios2-elf/lib/libc.a(lib_a-reallocr.o)
                0x0000000000001ab8                _realloc_r
 .text          0x0000000000002028        0x0 /opt/intelFPGA/21.1/nios2eds/bin/gnu/H-x86_64-pc-linux-gnu/bin/../lib/gcc/nios2-elf/11.2.1/../../../../../H-x86_64-pc-linux-gnu/nios2-elf/lib/libc.a(lib_a-sbrkr.o)
 .text._sbrk_r  0x0000000000002028       0x58 /opt/intelFPGA/21.1/nios2eds/bin/gnu/H-x86_64-pc-linux-gnu/bin/../lib/gcc/nios2-elf/11.2.1/../../../../../H-x86_64-pc-linux-gnu/nios2-elf/lib/libc.a(lib_a-sbrkr.o)
                0x0000000000002028                _sbrk_r
 .text          0x0000000000002080        0x0 /opt/intelFPGA/21.1/nios2eds/bin/gnu/H-x86_64-pc-linux-gnu/bin/../lib/gcc/nios2-elf/11.2.1/../../../../../H-x86_64-pc-linux-gnu/nios2-elf/lib/libc.a(lib_a-stdio.o)
 .text.__sread  0x0000000000002080       0x54 /opt/intelFPGA/21.1/nios2eds/bin/gnu/H-x86_64-pc-linux-gnu/bin/../lib/gcc/nios2-elf/11.2.1/../../../../../H-x86_64-pc-linux-gnu/nios2-elf/lib/libc.a(lib_a-stdio.o)
                0x0000000000002080                __sread
 .text.__seofread
                0x00000000000020d4        0x8 /opt/intelFPGA/21.1/nios2eds/bin/gnu/H-x86_64-pc-linux-gnu/bin/../lib/gcc/nios2-elf/11.2.1/../../../../../H-x86_64-pc-linux-gnu/nios2-elf/lib/libc.a(lib_a-stdio.o)
                0x00000000000020d4                __seofread
 .text.__swrite
                0x00000000000020dc       0x80 /opt/intelFPGA/21.1/nios2eds/bin/gnu/H-x86_64-pc-linux-gnu/bin/../lib/gcc/nios2-elf/11.2.1/../../../../../H-x86_64-pc-linux-gnu/nios2-elf/lib/libc.a(lib_a-stdio.o)
                0x00000000000020dc                __swrite
 .text.__sseek  0x000000000000215c       0x5c /opt/intelFPGA/21.1/nios2eds/bin/gnu/H-x86_64-pc-linux-gnu/bin/../lib/gcc/nios2-elf/11.2.1/../../../../../H-x86_64-pc-linux-gnu/nios2-elf/lib/libc.a(lib_a-stdio.o)
                0x000000000000215c                __sseek
 .text.__sclose
                0x00000000000021b8        0x8 /opt/intelFPGA/21.1/nios2eds/bin/gnu/H-x86_64-pc-linux-gnu/bin/../lib/gcc/nios2-elf/11.2.1/../../../../../H-x86_64-pc-linux-gnu/nios2-elf/lib/libc.a(lib_a-stdio.o)
                0x00000000000021b8                __sclose
 .text          0x00000000000021c0        0x0 /opt/intelFPGA/21.1/nios2eds/bin/gnu/H-x86_64-pc-linux-gnu/bin/../lib/gcc/nios2-elf/11.2.1/../../../../../H-x86_64-pc-linux-gnu/nios2-elf/lib/libc.a(lib_a-writer.o)
 .text._write_r
                0x00000000000021c0       0x64 /opt/intelFPGA/21.1/nios2eds/bin/gnu/H-x86_64-pc-linux-gnu/bin/../lib/gcc/nios2-elf/11.2.1/../../../../../H-x86_64-pc-linux-gnu/nios2-elf/lib/libc.a(lib_a-writer.o)
                0x00000000000021c0                _write_r
 .text          0x0000000000002224        0x0 /opt/intelFPGA/21.1/nios2eds/bin/gnu/H-x86_64-pc-linux-gnu/bin/../lib/gcc/nios2-elf/11.2.1/../../../../../H-x86_64-pc-linux-gnu/nios2-elf/lib/libc.a(lib_a-wsetup.o)
 .text.__swsetup_r
                0x0000000000002224      0x164 /opt/intelFPGA/21.1/nios2eds/bin/gnu/H-x86_64-pc-linux-gnu/bin/../lib/gcc/nios2-elf/11.2.1/../../../../../H-x86_64-pc-linux-gnu/nios2-elf/lib/libc.a(lib_a-wsetup.o)
                0x0000000000002224                __swsetup_r
 .text          0x0000000000002388        0x0 /opt/intelFPGA/21.1/nios2eds/bin/gnu/H-x86_64-pc-linux-gnu/bin/../lib/gcc/nios2-elf/11.2.1/../../../../../H-x86_64-pc-linux-gnu/nios2-elf/lib/libc.a(closer.o)
 .text._close_r
                0x0000000000002388       0x58 /opt/intelFPGA/21.1/nios2eds/bin/gnu/H-x86_64-pc-linux-gnu/bin/../lib/gcc/nios2-elf/11.2.1/../../../../../H-x86_64-pc-linux-gnu/nios2-elf/lib/libc.a(closer.o)
                0x0000000000002388                _close_r
 .text          0x00000000000023e0        0x0 /opt/intelFPGA/21.1/nios2eds/bin/gnu/H-x86_64-pc-linux-gnu/bin/../lib/gcc/nios2-elf/11.2.1/../../../../../H-x86_64-pc-linux-gnu/nios2-elf/lib/libc.a(lib_a-fclose.o)
 .text._fclose_r
                0x00000000000023e0       0xf8 /opt/intelFPGA/21.1/nios2eds/bin/gnu/H-x86_64-pc-linux-gnu/bin/../lib/gcc/nios2-elf/11.2.1/../../../../../H-x86_64-pc-linux-gnu/nios2-elf/lib/libc.a(lib_a-fclose.o)
                0x00000000000023e0                _fclose_r
 .text.fclose   0x00000000000024d8       0x10 /opt/intelFPGA/21.1/nios2eds/bin/gnu/H-x86_64-pc-linux-gnu/bin/../lib/gcc/nios2-elf/11.2.1/../../../../../H-x86_64-pc-linux-gnu/nios2-elf/lib/libc.a(lib_a-fclose.o)
                0x00000000000024d8                fclose
 .text          0x00000000000024e8        0x0 /opt/intelFPGA/21.1/nios2eds/bin/gnu/H-x86_64-pc-linux-gnu/bin/../lib/gcc/nios2-elf/11.2.1/../../../../../H-x86_64-pc-linux-gnu/nios2-elf/lib/libc.a(lib_a-fflush.o)
 .text.__sflush_r
                0x00000000000024e8      0x228 /opt/intelFPGA/21.1/nios2eds/bin/gnu/H-x86_64-pc-linux-gnu/bin/../lib/gcc/nios2-elf/11.2.1/../../../../../H-x86_64-pc-linux-gnu/nios2-elf/lib/libc.a(lib_a-fflush.o)
                0x00000000000024e8                __sflush_r
 .text._fflush_r
                0x0000000000002710       0x60 /opt/intelFPGA/21.1/nios2eds/bin/gnu/H-x86_64-pc-linux-gnu/bin/../lib/gcc/nios2-elf/11.2.1/../../../../../H-x86_64-pc-linux-gnu/nios2-elf/lib/libc.a(lib_a-fflush.o)
                0x0000000000002710                _fflush_r
 .text.fflush   0x0000000000002770       0x84 /opt/intelFPGA/21.1/nios2eds/bin/gnu/H-x86_64-pc-linux-gnu/bin/../lib/gcc/nios2-elf/11.2.1/../../../../../H-x86_64-pc-linux-gnu/nios2-elf/lib/libc.a(lib_a-fflush.o)
                0x0000000000002770                fflush
 .text          0x00000000000027f4        0x0 /opt/intelFPGA/21.1/nios2eds/bin/gnu/H-x86_64-pc-linux-gnu/bin/../lib/gcc/nios2-elf/11.2.1/../../../../../H-x86_64-pc-linux-gnu/nios2-elf/lib/libc.a(lib_a-freer.o)
 .text._malloc_trim_r
                0x00000000000027f4      0x11c /opt/intelFPGA/21.1/nios2eds/bin/gnu/H-x86_64-pc-linux-gnu/bin/../lib/gcc/nios2-elf/11.2.1/../../../../../H-x86_64-pc-linux-gnu/nios2-elf/lib/libc.a(lib_a-freer.o)
                0x00000000000027f4                _malloc_trim_r
 .text._free_r  0x0000000000002910      0x2fc /opt/intelFPGA/21.1/nios2eds/bin/gnu/H-x86_64-pc-linux-gnu/bin/../lib/gcc/nios2-elf/11.2.1/../../../../../H-x86_64-pc-linux-gnu/nios2-elf/lib/libc.a(lib_a-freer.o)
                0x0000000000002910                _free_r
 .text          0x0000000000002c0c        0x0 /opt/intelFPGA/21.1/nios2eds/bin/gnu/H-x86_64-pc-linux-gnu/bin/../lib/gcc/nios2-elf/11.2.1/../../../../../H-x86_64-pc-linux-gnu/nios2-elf/lib/libc.a(lib_a-int_errno.o)
 .text          0x0000000000002c0c        0x0 /opt/intelFPGA/21.1/nios2eds/bin/gnu/H-x86_64-pc-linux-gnu/bin/../lib/gcc/nios2-elf/11.2.1/../../../../../H-x86_64-pc-linux-gnu/nios2-elf/lib/libc.a(lib_a-lseekr.o)
 .text._lseek_r
                0x0000000000002c0c       0x64 /opt/intelFPGA/21.1/nios2eds/bin/gnu/H-x86_64-pc-linux-gnu/bin/../lib/gcc/nios2-elf/11.2.1/../../../../../H-x86_64-pc-linux-gnu/nios2-elf/lib/libc.a(lib_a-lseekr.o)
                0x0000000000002c0c                _lseek_r
 .text          0x0000000000002c70        0x0 /opt/intelFPGA/21.1/nios2eds/bin/gnu/H-x86_64-pc-linux-gnu/bin/../lib/gcc/nios2-elf/11.2.1/../../../../../H-x86_64-pc-linux-gnu/nios2-elf/lib/libc.a(lib_a-makebuf.o)
 .text.__smakebuf_r
                0x0000000000002c70      0x1b0 /opt/intelFPGA/21.1/nios2eds/bin/gnu/H-x86_64-pc-linux-gnu/bin/../lib/gcc/nios2-elf/11.2.1/../../../../../H-x86_64-pc-linux-gnu/nios2-elf/lib/libc.a(lib_a-makebuf.o)
                0x0000000000002c70                __smakebuf_r
 .text.__swhatbuf_r
                0x0000000000002e20       0x90 /opt/intelFPGA/21.1/nios2eds/bin/gnu/H-x86_64-pc-linux-gnu/bin/../lib/gcc/nios2-elf/11.2.1/../../../../../H-x86_64-pc-linux-gnu/nios2-elf/lib/libc.a(lib_a-makebuf.o)
                0x0000000000002e20                __swhatbuf_r
 .text          0x0000000000002eb0        0x0 /opt/intelFPGA/21.1/nios2eds/bin/gnu/H-x86_64-pc-linux-gnu/bin/../lib/gcc/nios2-elf/11.2.1/../../../../../H-x86_64-pc-linux-gnu/nios2-elf/lib/libc.a(lib_a-readr.o)
 .text._read_r  0x0000000000002eb0       0x64 /opt/intelFPGA/21.1/nios2eds/bin/gnu/H-x86_64-pc-linux-gnu/bin/../lib/gcc/nios2-elf/11.2.1/../../../../../H-x86_64-pc-linux-gnu/nios2-elf/lib/libc.a(lib_a-readr.o)
                0x0000000000002eb0                _read_r
 .text          0x0000000000002f14        0x0 /opt/intelFPGA/21.1/nios2eds/bin/gnu/H-x86_64-pc-linux-gnu/bin/../lib/gcc/nios2-elf/11.2.1/../../../../../H-x86_64-pc-linux-gnu/nios2-elf/lib/libc.a(lib_a-fstatr.o)
 .text._fstat_r
                0x0000000000002f14       0x60 /opt/intelFPGA/21.1/nios2eds/bin/gnu/H-x86_64-pc-linux-gnu/bin/../lib/gcc/nios2-elf/11.2.1/../../../../../H-x86_64-pc-linux-gnu/nios2-elf/lib/libc.a(lib_a-fstatr.o)
                0x0000000000002f14                _fstat_r
 .text          0x0000000000002f74        0x0 /opt/intelFPGA/21.1/nios2eds/bin/gnu/H-x86_64-pc-linux-gnu/bin/../lib/gcc/nios2-elf/11.2.1/../../../../../H-x86_64-pc-linux-gnu/nios2-elf/lib/libc.a(lib_a-isattyr.o)
 .text._isatty_r
                0x0000000000002f74       0x58 /opt/intelFPGA/21.1/nios2eds/bin/gnu/H-x86_64-pc-linux-gnu/bin/../lib/gcc/nios2-elf/11.2.1/../../../../../H-x86_64-pc-linux-gnu/nios2-elf/lib/libc.a(lib_a-isattyr.o)
                0x0000000000002f74                _isatty_r
 .text          0x0000000000002fcc      0x1b4 /opt/intelFPGA/21.1/nios2eds/bin/gnu/H-x86_64-pc-linux-gnu/bin/../lib/gcc/nios2-elf/11.2.1/libgcc.a(lib2-divmod.o)
                0x0000000000002fcc                __divsi3
                0x000000000000304c                __modsi3
                0x00000000000030c0                __udivsi3
                0x0000000000003124                __umodsi3
 .text          0x0000000000003180      0x10c ../hello_ucos_bsp//libucosii_bsp.a(alt_close.o)
                0x00000000000031bc                close
 .text          0x000000000000328c       0x2c ../hello_ucos_bsp//libucosii_bsp.a(alt_dev.o)
 .text          0x00000000000032b8        0x0 ../hello_ucos_bsp//libucosii_bsp.a(alt_errno.o)
 .text          0x00000000000032b8       0xec ../hello_ucos_bsp//libucosii_bsp.a(alt_fstat.o)
                0x00000000000032f4                fstat
 .text          0x00000000000033a4       0xe0 ../hello_ucos_bsp//libucosii_bsp.a(alt_isatty.o)
                0x00000000000033e0                isatty
 .text          0x0000000000003484       0xec ../hello_ucos_bsp//libucosii_bsp.a(alt_load.o)
                0x00000000000034ec                alt_load
 .text          0x0000000000003570      0x110 ../hello_ucos_bsp//libucosii_bsp.a(alt_lseek.o)
                0x00000000000035ac                lseek
 .text          0x0000000000003680       0xc0 ../hello_ucos_bsp//libucosii_bsp.a(alt_main.o)
                0x0000000000003680                alt_main
 .text          0x0000000000003740      0x138 ../hello_ucos_bsp//libucosii_bsp.a(alt_read.o)
                0x000000000000377c                read
 .text          0x0000000000003878       0x58 ../hello_ucos_bsp//libucosii_bsp.a(alt_release_fd.o)
                0x0000000000003878                alt_release_fd
 .text          0x00000000000038d0       0xb8 ../hello_ucos_bsp//libucosii_bsp.a(alt_sbrk.o)
                0x00000000000038d0                sbrk
 .text          0x0000000000003988      0x134 ../hello_ucos_bsp//libucosii_bsp.a(alt_write.o)
                0x00000000000039c4                write
 .text          0x0000000000003abc      0x120 ../hello_ucos_bsp//libucosii_bsp.a(alt_env_lock.o)
                0x0000000000003abc                __env_lock
                0x0000000000003b7c                __env_unlock
 .text          0x0000000000003bdc      0x1fc ../hello_ucos_bsp//libucosii_bsp.a(alt_malloc_lock.o)
                0x0000000000003bdc                __malloc_lock
                0x0000000000003d04                __malloc_unlock
 .text          0x0000000000003dd8     0x20c0 ../hello_ucos_bsp//libucosii_bsp.a(os_core.o)
                0x0000000000003dd8                OSEventNameGet
                0x0000000000003ef8                OSEventNameSet
                0x0000000000003fe4                OSEventPendMulti
                0x0000000000004624                OSInit
                0x000000000000467c                OSIntEnter
                0x00000000000046c8                OSIntExit
                0x00000000000047bc                OSSchedLock
                0x000000000000484c                OSSchedUnlock
                0x0000000000004930                OSStart
                0x0000000000004998                OSStatInit
                0x0000000000004a50                OSTimeTick
                0x0000000000004c78                OSVersion
                0x0000000000004c98                OS_Dummy
                0x0000000000004cb8                OS_EventTaskRdy
                0x0000000000004e44                OS_EventTaskWait
                0x0000000000004f4c                OS_EventTaskWaitMulti
                0x0000000000005094                OS_EventTaskRemove
                0x0000000000005144                OS_EventTaskRemoveMulti
                0x0000000000005238                OS_EventWaitListInit
                0x000000000000564c                OS_MemClr
                0x00000000000056a4                OS_MemCopy
                0x0000000000005710                OS_Sched
                0x0000000000005848                OS_StrLen
                0x00000000000058ac                OS_TaskIdle
                0x000000000000590c                OS_TaskStat
                0x0000000000005a84                OS_TaskStatStkChk
                0x0000000000005b48                OS_TCBInit
 .text          0x0000000000005e98      0x190 ../hello_ucos_bsp//libucosii_bsp.a(os_dbg_r.o)
                0x0000000000005e98                OSDebugInit
 .text          0x0000000000006028     0x1710 ../hello_ucos_bsp//libucosii_bsp.a(os_flag.o)
                0x0000000000006028                OSFlagAccept
                0x0000000000006334                OSFlagCreate
                0x0000000000006430                OSFlagDel
                0x0000000000006674                OSFlagNameGet
                0x00000000000067a0                OSFlagNameSet
                0x000000000000689c                OSFlagPend
                0x0000000000006e74                OSFlagPendGetFlagsRdy
                0x0000000000006ed8                OSFlagPost
                0x0000000000007280                OSFlagQuery
                0x0000000000007494                OS_FlagInit
                0x0000000000007694                OS_FlagUnlink
 .text          0x0000000000007738      0x708 ../hello_ucos_bsp//libucosii_bsp.a(os_mem.o)
                0x0000000000007738                OSMemCreate
                0x0000000000007900                OSMemGet
                0x00000000000079e8                OSMemNameGet
                0x0000000000007ad8                OSMemNameSet
                0x0000000000007b98                OSMemPut
                0x0000000000007c78                OSMemQuery
                0x0000000000007d64                OS_MemInit
 .text          0x0000000000007e40     0x1138 ../hello_ucos_bsp//libucosii_bsp.a(os_q.o)
                0x0000000000007e40                OSQAccept
                0x0000000000007f74                OSQCreate
                0x0000000000008120                OSQDel
                0x0000000000008398                OSQFlush
                0x0000000000008454                OSQPend
                0x00000000000086e0                OSQPendAbort
                0x0000000000008844                OSQPost
                0x00000000000089b8                OSQPostFront
                0x0000000000008b34                OSQPostOpt
                0x0000000000008d4c                OSQQuery
                0x0000000000008eac                OS_QInit
 .text          0x0000000000008f78      0xa58 ../hello_ucos_bsp//libucosii_bsp.a(os_sem.o)
                0x0000000000008f78                OSSemAccept
                0x000000000000902c                OSSemCreate
                0x0000000000009104                OSSemDel
                0x000000000000933c                OSSemPend
                0x0000000000009548                OSSemPendAbort
                0x00000000000096ac                OSSemPost
                0x00000000000097c8                OSSemQuery
                0x00000000000098dc                OSSemSet
 .text          0x00000000000099d0     0x19d8 ../hello_ucos_bsp//libucosii_bsp.a(os_task.o)
                0x00000000000099d0                OSTaskChangePrio
                0x0000000000009e84                OSTaskCreate
                0x000000000000a028                OSTaskCreateExt
                0x000000000000a204                OSTaskDel
                0x000000000000a544                OSTaskDelReq
                0x000000000000a69c                OSTaskNameGet
                0x000000000000a834                OSTaskNameSet
                0x000000000000a994                OSTaskResume
                0x000000000000ab74                OSTaskStkChk
                0x000000000000ad24                OSTaskSuspend
                0x000000000000af0c                OSTaskQuery
                0x000000000000b034                OSTaskRegGet
                0x000000000000b144                OSTaskRegGetID
                0x000000000000b1f4                OSTaskRegSet
                0x000000000000b2fc                OS_TaskReturn
                0x000000000000b338                OS_TaskStkClr
 .text          0x000000000000b3a8      0x4e0 ../hello_ucos_bsp//libucosii_bsp.a(os_time.o)
                0x000000000000b3a8                OSTimeDly
                0x000000000000b4c0                OSTimeDlyHMSM
                0x000000000000b5e8                OSTimeDlyResume
                0x000000000000b7c4                OSTimeGet
                0x000000000000b824                OSTimeSet
 .text          0x000000000000b888       0xd0 ../hello_ucos_bsp//libucosii_bsp.a(alt_sys_init.o)
                0x000000000000b8bc                alt_irq_init
                0x000000000000b8f8                alt_sys_init
 .text          0x000000000000b958      0x164 ../hello_ucos_bsp//libucosii_bsp.a(altera_avalon_jtag_uart_fd.o)
                0x000000000000b958                altera_avalon_jtag_uart_read_fd
                0x000000000000b9b8                altera_avalon_jtag_uart_write_fd
                0x000000000000ba18                altera_avalon_jtag_uart_close_fd
                0x000000000000ba68                altera_avalon_jtag_uart_ioctl_fd
 .text          0x000000000000babc      0x570 ../hello_ucos_bsp//libucosii_bsp.a(altera_avalon_jtag_uart_init.o)
                0x000000000000babc                altera_avalon_jtag_uart_init
                0x000000000000bfc4                altera_avalon_jtag_uart_close
 .text          0x000000000000c02c       0xf4 ../hello_ucos_bsp//libucosii_bsp.a(altera_avalon_jtag_uart_ioctl.o)
                0x000000000000c02c                altera_avalon_jtag_uart_ioctl
 .text          0x000000000000c120      0x2c8 ../hello_ucos_bsp//libucosii_bsp.a(altera_avalon_jtag_uart_read.o)
                0x000000000000c120                altera_avalon_jtag_uart_read
 .text          0x000000000000c3e8      0x2d0 ../hello_ucos_bsp//libucosii_bsp.a(altera_avalon_jtag_uart_write.o)
                0x000000000000c3e8                altera_avalon_jtag_uart_write
 .text          0x000000000000c6b8      0x100 ../hello_ucos_bsp//libucosii_bsp.a(altera_avalon_timer_sc.o)
                0x000000000000c734                alt_avalon_timer_sc_init
 .text          0x000000000000c7b8      0x160 ../hello_ucos_bsp//libucosii_bsp.a(alt_alarm_start.o)
                0x000000000000c7b8                alt_alarm_start
 .text          0x000000000000c918       0x4c ../hello_ucos_bsp//libucosii_bsp.a(alt_dcache_flush_all.o)
                0x000000000000c918                alt_dcache_flush_all
 .text          0x000000000000c964       0xe4 ../hello_ucos_bsp//libucosii_bsp.a(alt_dev_llist_insert.o)
                0x000000000000c9a0                alt_dev_llist_insert
 .text          0x000000000000ca48       0x64 ../hello_ucos_bsp//libucosii_bsp.a(alt_do_ctors.o)
                0x000000000000ca48                _do_ctors
 .text          0x000000000000caac       0x64 ../hello_ucos_bsp//libucosii_bsp.a(alt_do_dtors.o)
                0x000000000000caac                _do_dtors
 .text          0x000000000000cb10       0x34 ../hello_ucos_bsp//libucosii_bsp.a(alt_icache_flush_all.o)
                0x000000000000cb10                alt_icache_flush_all
 .text          0x000000000000cb44      0x1b0 ../hello_ucos_bsp//libucosii_bsp.a(alt_iic.o)
                0x000000000000cb44                alt_ic_isr_register
                0x000000000000cb94                alt_ic_irq_enable
                0x000000000000cc1c                alt_ic_irq_disable
                0x000000000000cca8                alt_ic_irq_enabled
 .text          0x000000000000ccf4       0xe8 ../hello_ucos_bsp//libucosii_bsp.a(alt_iic_isr_register.o)
                0x000000000000ccf4                alt_iic_isr_register
 .text          0x000000000000cddc      0x12c ../hello_ucos_bsp//libucosii_bsp.a(alt_io_redirect.o)
                0x000000000000ce8c                alt_io_redirect
 .text          0x000000000000cf08        0x0 ../hello_ucos_bsp//libucosii_bsp.a(alt_irq_entry.o)
 .text          0x000000000000cf08        0x0 ../hello_ucos_bsp//libucosii_bsp.a(alt_irq_handler.o)
 .text          0x000000000000cf08        0x0 ../hello_ucos_bsp//libucosii_bsp.a(alt_irq_vars.o)
 .text          0x000000000000cf08      0x248 ../hello_ucos_bsp//libucosii_bsp.a(alt_open.o)
                0x000000000000cffc                open
 .text          0x000000000000d150      0x1d0 ../hello_ucos_bsp//libucosii_bsp.a(alt_tick.o)
                0x000000000000d150                alt_alarm_stop
                0x000000000000d1f4                alt_tick
 .text          0x000000000000d320       0x24 ../hello_ucos_bsp//libucosii_bsp.a(altera_nios2_gen2_irq.o)
                0x000000000000d320                altera_nios2_gen2_irq_init
 .text          0x000000000000d344       0xd0 ../hello_ucos_bsp//libucosii_bsp.a(os_cpu_a.o)
                0x000000000000d344                OSCtxSw
                0x000000000000d344                OSIntCtxSw
                0x000000000000d3d0                OSStartHighRdy
                0x000000000000d3f0                OSStartTsk
 .text          0x000000000000d414      0x29c ../hello_ucos_bsp//libucosii_bsp.a(os_cpu_c.o)
                0x000000000000d414                OSTaskStkInit
                0x000000000000d560                OSTaskCreateHook
                0x000000000000d584                OSTaskDelHook
                0x000000000000d5a8                OSTaskSwHook
                0x000000000000d5c8                OSTaskStatHook
                0x000000000000d5e8                OSTimeTickHook
                0x000000000000d608                OSInitHookBegin
                0x000000000000d628                OSInitHookEnd
                0x000000000000d648                OSTaskIdleHook
                0x000000000000d668                OSTaskReturnHook
                0x000000000000d68c                OSTCBInitHook
 .text          0x000000000000d6b0        0x0 ../hello_ucos_bsp//libucosii_bsp.a(alt_exception_entry.o)
 .text          0x000000000000d6b0       0x90 ../hello_ucos_bsp//libucosii_bsp.a(alt_find_dev.o)
                0x000000000000d6b0                alt_find_dev
 .text          0x000000000000d740      0x108 ../hello_ucos_bsp//libucosii_bsp.a(alt_find_file.o)
                0x000000000000d740                alt_find_file
 .text          0x000000000000d848       0xd8 ../hello_ucos_bsp//libucosii_bsp.a(alt_get_fd.o)
                0x000000000000d848                alt_get_fd
 .text          0x000000000000d920       0x90 ../hello_ucos_bsp//libucosii_bsp.a(alt_icache_flush.o)
                0x000000000000d920                alt_icache_flush
 .text          0x000000000000d9b0       0x74 ../hello_ucos_bsp//libucosii_bsp.a(alt_instruction_exception_entry.o)
                0x000000000000d9b0                alt_exception_cause_generated_bad_addr
 .text          0x000000000000da24        0x0 /opt/intelFPGA/21.1/nios2eds/bin/gnu/H-x86_64-pc-linux-gnu/bin/../lib/gcc/nios2-elf/11.2.1/../../../../../H-x86_64-pc-linux-gnu/nios2-elf/lib/libc.a(lib_a-atexit.o)
 .text.atexit   0x000000000000da24       0x14 /opt/intelFPGA/21.1/nios2eds/bin/gnu/H-x86_64-pc-linux-gnu/bin/../lib/gcc/nios2-elf/11.2.1/../../../../../H-x86_64-pc-linux-gnu/nios2-elf/lib/libc.a(lib_a-atexit.o)
                0x000000000000da24                atexit
 .text          0x000000000000da38        0x0 /opt/intelFPGA/21.1/nios2eds/bin/gnu/H-x86_64-pc-linux-gnu/bin/../lib/gcc/nios2-elf/11.2.1/../../../../../H-x86_64-pc-linux-gnu/nios2-elf/lib/libc.a(lib_a-exit.o)
 .text.exit     0x000000000000da38       0x34 /opt/intelFPGA/21.1/nios2eds/bin/gnu/H-x86_64-pc-linux-gnu/bin/../lib/gcc/nios2-elf/11.2.1/../../../../../H-x86_64-pc-linux-gnu/nios2-elf/lib/libc.a(lib_a-exit.o)
                0x000000000000da38                exit
 .text          0x000000000000da6c        0x0 /opt/intelFPGA/21.1/nios2eds/bin/gnu/H-x86_64-pc-linux-gnu/bin/../lib/gcc/nios2-elf/11.2.1/../../../../../H-x86_64-pc-linux-gnu/nios2-elf/lib/libc.a(lib_a-memcmp.o)
 .text.memcmp   0x000000000000da6c       0x78 /opt/intelFPGA/21.1/nios2eds/bin/gnu/H-x86_64-pc-linux-gnu/bin/../lib/gcc/nios2-elf/11.2.1/../../../../../H-x86_64-pc-linux-gnu/nios2-elf/lib/libc.a(lib_a-memcmp.o)
                0x000000000000da6c                memcmp
 .text          0x000000000000dae4        0x0 /opt/intelFPGA/21.1/nios2eds/bin/gnu/H-x86_64-pc-linux-gnu/bin/../lib/gcc/nios2-elf/11.2.1/../../../../../H-x86_64-pc-linux-gnu/nios2-elf/lib/libc.a(lib_a-__atexit.o)
 .text.__register_exitproc
                0x000000000000dae4       0x90 /opt/intelFPGA/21.1/nios2eds/bin/gnu/H-x86_64-pc-linux-gnu/bin/../lib/gcc/nios2-elf/11.2.1/../../../../../H-x86_64-pc-linux-gnu/nios2-elf/lib/libc.a(lib_a-__atexit.o)
                0x000000000000dae4                __register_exitproc
 .text          0x000000000000db74        0x0 /opt/intelFPGA/21.1/nios2eds/bin/gnu/H-x86_64-pc-linux-gnu/bin/../lib/gcc/nios2-elf/11.2.1/../../../../../H-x86_64-pc-linux-gnu/nios2-elf/lib/libc.a(lib_a-__call_atexit.o)
 .text.__call_exitprocs
                0x000000000000db74      0x120 /opt/intelFPGA/21.1/nios2eds/bin/gnu/H-x86_64-pc-linux-gnu/bin/../lib/gcc/nios2-elf/11.2.1/../../../../../H-x86_64-pc-linux-gnu/nios2-elf/lib/libc.a(lib_a-__call_atexit.o)
                0x000000000000db74                __call_exitprocs
 .text          0x000000000000dc94       0x38 ../hello_ucos_bsp//libucosii_bsp.a(alt_exit.o)
                0x000000000000dc94                _exit
 *(.gnu.warning.*)
 *(.fini)
                [!provide]                        PROVIDE (__etext = ABSOLUTE (.))
                [!provide]                        PROVIDE (_etext = ABSOLUTE (.))
                [!provide]                        PROVIDE (etext = ABSOLUTE (.))
 *(.eh_frame_hdr)
                0x000000000000dccc                . = ALIGN (0x4)
                [!provide]                        PROVIDE (__preinit_array_start = ABSOLUTE (.))
 *(.preinit_array)
                [!provide]                        PROVIDE (__preinit_array_end = ABSOLUTE (.))
                [!provide]                        PROVIDE (__init_array_start = ABSOLUTE (.))
 *(.init_array)
                [!provide]                        PROVIDE (__init_array_end = ABSOLUTE (.))
                [!provide]                        PROVIDE (__fini_array_start = ABSOLUTE (.))
 *(.fini_array)
                [!provide]                        PROVIDE (__fini_array_end = ABSOLUTE (.))
 *(.eh_frame)
 *(.gcc_except_table .gcc_except_table.*)
 *(.dynamic)
                0x000000000000dccc                PROVIDE (__CTOR_LIST__ = ABSOLUTE (.))
 *(.ctors)
 *(SORT_BY_NAME(.ctors.*))
                0x000000000000dccc                PROVIDE (__CTOR_END__ = ABSOLUTE (.))
                0x000000000000dccc                PROVIDE (__DTOR_LIST__ = ABSOLUTE (.))
 *(.dtors)
 *(SORT_BY_NAME(.dtors.*))
                0x000000000000dccc                PROVIDE (__DTOR_END__ = ABSOLUTE (.))
 *(.jcr)
                0x000000000000dccc                . = ALIGN (0x4)

.rodata         0x000000000000dccc      0x358
                0x000000000000dccc                PROVIDE (__ram_rodata_start = ABSOLUTE (.))
                0x000000000000dccc                . = ALIGN (0x4)
 *(.rodata .rodata.* .gnu.linkonce.r.*)
 .rodata        0x000000000000dccc      0x1ee obj/default/hello_ucosii.o
 *fill*         0x000000000000deba        0x2 
 .rodata._puts_r.str1.4
                0x000000000000debc        0x2 /opt/intelFPGA/21.1/nios2eds/bin/gnu/H-x86_64-pc-linux-gnu/bin/../lib/gcc/nios2-elf/11.2.1/../../../../../H-x86_64-pc-linux-gnu/nios2-elf/lib/libc.a(lib_a-puts.o)
 *fill*         0x000000000000debe        0x2 
 .rodata        0x000000000000dec0        0xa ../hello_ucos_bsp//libucosii_bsp.a(alt_dev.o)
 *fill*         0x000000000000deca        0x2 
 .rodata        0x000000000000decc        0xf ../hello_ucos_bsp//libucosii_bsp.a(alt_main.o)
 *fill*         0x000000000000dedb        0x1 
 .rodata        0x000000000000dedc      0x122 ../hello_ucos_bsp//libucosii_bsp.a(os_core.o)
                0x000000000000dedc                OSUnMapTbl
 *fill*         0x000000000000dffe        0x2 
 .rodata        0x000000000000e000        0x2 ../hello_ucos_bsp//libucosii_bsp.a(os_flag.o)
 *fill*         0x000000000000e002        0x2 
 .rodata        0x000000000000e004        0x2 ../hello_ucos_bsp//libucosii_bsp.a(os_mem.o)
 *fill*         0x000000000000e006        0x2 
 .rodata        0x000000000000e008        0x2 ../hello_ucos_bsp//libucosii_bsp.a(os_q.o)
 *fill*         0x000000000000e00a        0x2 
 .rodata        0x000000000000e00c        0x2 ../hello_ucos_bsp//libucosii_bsp.a(os_sem.o)
 *fill*         0x000000000000e00e        0x2 
 .rodata        0x000000000000e010        0x2 ../hello_ucos_bsp//libucosii_bsp.a(os_task.o)
 *fill*         0x000000000000e012        0x2 
 .rodata        0x000000000000e014        0xf ../hello_ucos_bsp//libucosii_bsp.a(alt_sys_init.o)
 *(.rodata1)
                0x000000000000e024                . = ALIGN (0x4)
 *fill*         0x000000000000e023        0x1 
                0x000000000000e024                PROVIDE (__ram_rodata_end = ABSOLUTE (.))
                0x000000000000dccc                PROVIDE (__flash_rodata_start = LOADADDR (.rodata))

.rwdata         0x000000000000e024     0x1af8 load address 0x000000000000fb1c
                0x000000000000e024                PROVIDE (__ram_rwdata_start = ABSOLUTE (.))
                0x000000000000e024                . = ALIGN (0x4)
 *(.got.plt)
 *(.got)
 *(.data1)
 *(.data .data.* .gnu.linkonce.d.*)
 .data          0x000000000000e024        0x0 ../hello_ucos_bsp//obj/HAL/src/crt0.o
 .data          0x000000000000e024        0x0 obj/default/hello_ucosii.o
 .data          0x000000000000e024        0x0 /opt/intelFPGA/21.1/nios2eds/bin/gnu/H-x86_64-pc-linux-gnu/bin/../lib/gcc/nios2-elf/11.2.1/../../../../../H-x86_64-pc-linux-gnu/nios2-elf/lib/libc.a(lib_a-puts.o)
 .data          0x000000000000e024        0x0 /opt/intelFPGA/21.1/nios2eds/bin/gnu/H-x86_64-pc-linux-gnu/bin/../lib/gcc/nios2-elf/11.2.1/../../../../../H-x86_64-pc-linux-gnu/nios2-elf/lib/libc.a(lib_a-strlen.o)
 .data          0x000000000000e024        0x0 /opt/intelFPGA/21.1/nios2eds/bin/gnu/H-x86_64-pc-linux-gnu/bin/../lib/gcc/nios2-elf/11.2.1/../../../../../H-x86_64-pc-linux-gnu/nios2-elf/lib/libc.a(lib_a-findfp.o)
 .data          0x000000000000e024        0x0 /opt/intelFPGA/21.1/nios2eds/bin/gnu/H-x86_64-pc-linux-gnu/bin/../lib/gcc/nios2-elf/11.2.1/../../../../../H-x86_64-pc-linux-gnu/nios2-elf/lib/libc.a(lib_a-fvwrite.o)
 .data          0x000000000000e024        0x0 /opt/intelFPGA/21.1/nios2eds/bin/gnu/H-x86_64-pc-linux-gnu/bin/../lib/gcc/nios2-elf/11.2.1/../../../../../H-x86_64-pc-linux-gnu/nios2-elf/lib/libc.a(lib_a-fwalk.o)
 .data          0x000000000000e024        0x0 /opt/intelFPGA/21.1/nios2eds/bin/gnu/H-x86_64-pc-linux-gnu/bin/../lib/gcc/nios2-elf/11.2.1/../../../../../H-x86_64-pc-linux-gnu/nios2-elf/lib/libc.a(lib_a-impure.o)
 .data.impure_data
                0x000000000000e024      0x424 /opt/intelFPGA/21.1/nios2eds/bin/gnu/H-x86_64-pc-linux-gnu/bin/../lib/gcc/nios2-elf/11.2.1/../../../../../H-x86_64-pc-linux-gnu/nios2-elf/lib/libc.a(lib_a-impure.o)
 .data          0x000000000000e448        0x0 /opt/intelFPGA/21.1/nios2eds/bin/gnu/H-x86_64-pc-linux-gnu/bin/../lib/gcc/nios2-elf/11.2.1/../../../../../H-x86_64-pc-linux-gnu/nios2-elf/lib/libc.a(lib_a-mallocr.o)
 .data.__malloc_av_
                0x000000000000e448      0x408 /opt/intelFPGA/21.1/nios2eds/bin/gnu/H-x86_64-pc-linux-gnu/bin/../lib/gcc/nios2-elf/11.2.1/../../../../../H-x86_64-pc-linux-gnu/nios2-elf/lib/libc.a(lib_a-mallocr.o)
                0x000000000000e448                __malloc_av_
 .data          0x000000000000e850        0x0 /opt/intelFPGA/21.1/nios2eds/bin/gnu/H-x86_64-pc-linux-gnu/bin/../lib/gcc/nios2-elf/11.2.1/../../../../../H-x86_64-pc-linux-gnu/nios2-elf/lib/libc.a(lib_a-memchr.o)
 .data          0x000000000000e850        0x0 /opt/intelFPGA/21.1/nios2eds/bin/gnu/H-x86_64-pc-linux-gnu/bin/../lib/gcc/nios2-elf/11.2.1/../../../../../H-x86_64-pc-linux-gnu/nios2-elf/lib/libc.a(lib_a-memcpy.o)
 .data          0x000000000000e850        0x0 /opt/intelFPGA/21.1/nios2eds/bin/gnu/H-x86_64-pc-linux-gnu/bin/../lib/gcc/nios2-elf/11.2.1/../../../../../H-x86_64-pc-linux-gnu/nios2-elf/lib/libc.a(lib_a-memmove.o)
 .data          0x000000000000e850        0x0 /opt/intelFPGA/21.1/nios2eds/bin/gnu/H-x86_64-pc-linux-gnu/bin/../lib/gcc/nios2-elf/11.2.1/../../../../../H-x86_64-pc-linux-gnu/nios2-elf/lib/libc.a(lib_a-memset.o)
 .data          0x000000000000e850        0x0 /opt/intelFPGA/21.1/nios2eds/bin/gnu/H-x86_64-pc-linux-gnu/bin/../lib/gcc/nios2-elf/11.2.1/../../../../../H-x86_64-pc-linux-gnu/nios2-elf/lib/libc.a(lib_a-reallocr.o)
 .data          0x000000000000e850        0x0 /opt/intelFPGA/21.1/nios2eds/bin/gnu/H-x86_64-pc-linux-gnu/bin/../lib/gcc/nios2-elf/11.2.1/../../../../../H-x86_64-pc-linux-gnu/nios2-elf/lib/libc.a(lib_a-sbrkr.o)
 .data          0x000000000000e850        0x0 /opt/intelFPGA/21.1/nios2eds/bin/gnu/H-x86_64-pc-linux-gnu/bin/../lib/gcc/nios2-elf/11.2.1/../../../../../H-x86_64-pc-linux-gnu/nios2-elf/lib/libc.a(lib_a-stdio.o)
 .data          0x000000000000e850        0x0 /opt/intelFPGA/21.1/nios2eds/bin/gnu/H-x86_64-pc-linux-gnu/bin/../lib/gcc/nios2-elf/11.2.1/../../../../../H-x86_64-pc-linux-gnu/nios2-elf/lib/libc.a(lib_a-writer.o)
 .data          0x000000000000e850        0x0 /opt/intelFPGA/21.1/nios2eds/bin/gnu/H-x86_64-pc-linux-gnu/bin/../lib/gcc/nios2-elf/11.2.1/../../../../../H-x86_64-pc-linux-gnu/nios2-elf/lib/libc.a(lib_a-wsetup.o)
 .data          0x000000000000e850        0x0 /opt/intelFPGA/21.1/nios2eds/bin/gnu/H-x86_64-pc-linux-gnu/bin/../lib/gcc/nios2-elf/11.2.1/../../../../../H-x86_64-pc-linux-gnu/nios2-elf/lib/libc.a(closer.o)
 .data          0x000000000000e850        0x0 /opt/intelFPGA/21.1/nios2eds/bin/gnu/H-x86_64-pc-linux-gnu/bin/../lib/gcc/nios2-elf/11.2.1/../../../../../H-x86_64-pc-linux-gnu/nios2-elf/lib/libc.a(lib_a-fclose.o)
 .data          0x000000000000e850        0x0 /opt/intelFPGA/21.1/nios2eds/bin/gnu/H-x86_64-pc-linux-gnu/bin/../lib/gcc/nios2-elf/11.2.1/../../../../../H-x86_64-pc-linux-gnu/nios2-elf/lib/libc.a(lib_a-fflush.o)
 .data          0x000000000000e850        0x0 /opt/intelFPGA/21.1/nios2eds/bin/gnu/H-x86_64-pc-linux-gnu/bin/../lib/gcc/nios2-elf/11.2.1/../../../../../H-x86_64-pc-linux-gnu/nios2-elf/lib/libc.a(lib_a-freer.o)
 .data          0x000000000000e850        0x0 /opt/intelFPGA/21.1/nios2eds/bin/gnu/H-x86_64-pc-linux-gnu/bin/../lib/gcc/nios2-elf/11.2.1/../../../../../H-x86_64-pc-linux-gnu/nios2-elf/lib/libc.a(lib_a-int_errno.o)
 .data          0x000000000000e850        0x0 /opt/intelFPGA/21.1/nios2eds/bin/gnu/H-x86_64-pc-linux-gnu/bin/../lib/gcc/nios2-elf/11.2.1/../../../../../H-x86_64-pc-linux-gnu/nios2-elf/lib/libc.a(lib_a-lseekr.o)
 .data          0x000000000000e850        0x0 /opt/intelFPGA/21.1/nios2eds/bin/gnu/H-x86_64-pc-linux-gnu/bin/../lib/gcc/nios2-elf/11.2.1/../../../../../H-x86_64-pc-linux-gnu/nios2-elf/lib/libc.a(lib_a-makebuf.o)
 .data          0x000000000000e850        0x0 /opt/intelFPGA/21.1/nios2eds/bin/gnu/H-x86_64-pc-linux-gnu/bin/../lib/gcc/nios2-elf/11.2.1/../../../../../H-x86_64-pc-linux-gnu/nios2-elf/lib/libc.a(lib_a-readr.o)
 .data          0x000000000000e850        0x0 /opt/intelFPGA/21.1/nios2eds/bin/gnu/H-x86_64-pc-linux-gnu/bin/../lib/gcc/nios2-elf/11.2.1/../../../../../H-x86_64-pc-linux-gnu/nios2-elf/lib/libc.a(lib_a-fstatr.o)
 .data          0x000000000000e850        0x0 /opt/intelFPGA/21.1/nios2eds/bin/gnu/H-x86_64-pc-linux-gnu/bin/../lib/gcc/nios2-elf/11.2.1/../../../../../H-x86_64-pc-linux-gnu/nios2-elf/lib/libc.a(lib_a-isattyr.o)
 .data          0x000000000000e850        0x0 /opt/intelFPGA/21.1/nios2eds/bin/gnu/H-x86_64-pc-linux-gnu/bin/../lib/gcc/nios2-elf/11.2.1/libgcc.a(lib2-divmod.o)
 .data          0x000000000000e850        0x0 ../hello_ucos_bsp//libucosii_bsp.a(alt_close.o)
 .data          0x000000000000e850      0x1a8 ../hello_ucos_bsp//libucosii_bsp.a(alt_dev.o)
                0x000000000000e850                alt_dev_null
                0x000000000000e878                alt_fd_list
 .data          0x000000000000e9f8        0x0 ../hello_ucos_bsp//libucosii_bsp.a(alt_errno.o)
 .data          0x000000000000e9f8        0x0 ../hello_ucos_bsp//libucosii_bsp.a(alt_fstat.o)
 .data          0x000000000000e9f8        0x0 ../hello_ucos_bsp//libucosii_bsp.a(alt_isatty.o)
 .data          0x000000000000e9f8        0x0 ../hello_ucos_bsp//libucosii_bsp.a(alt_load.o)
 .data          0x000000000000e9f8        0x0 ../hello_ucos_bsp//libucosii_bsp.a(alt_lseek.o)
 .data          0x000000000000e9f8        0x0 ../hello_ucos_bsp//libucosii_bsp.a(alt_main.o)
 .data          0x000000000000e9f8        0x0 ../hello_ucos_bsp//libucosii_bsp.a(alt_read.o)
 .data          0x000000000000e9f8        0x0 ../hello_ucos_bsp//libucosii_bsp.a(alt_release_fd.o)
 .data          0x000000000000e9f8        0x0 ../hello_ucos_bsp//libucosii_bsp.a(alt_sbrk.o)
 .data          0x000000000000e9f8        0x0 ../hello_ucos_bsp//libucosii_bsp.a(alt_write.o)
 .data          0x000000000000e9f8        0x0 ../hello_ucos_bsp//libucosii_bsp.a(alt_env_lock.o)
 .data          0x000000000000e9f8        0x0 ../hello_ucos_bsp//libucosii_bsp.a(alt_malloc_lock.o)
 .data          0x000000000000e9f8        0x0 ../hello_ucos_bsp//libucosii_bsp.a(os_core.o)
 .data          0x000000000000e9f8        0x0 ../hello_ucos_bsp//libucosii_bsp.a(os_dbg_r.o)
 .data          0x000000000000e9f8        0x0 ../hello_ucos_bsp//libucosii_bsp.a(os_flag.o)
 .data          0x000000000000e9f8        0x0 ../hello_ucos_bsp//libucosii_bsp.a(os_mem.o)
 .data          0x000000000000e9f8        0x0 ../hello_ucos_bsp//libucosii_bsp.a(os_q.o)
 .data          0x000000000000e9f8        0x0 ../hello_ucos_bsp//libucosii_bsp.a(os_sem.o)
 .data          0x000000000000e9f8        0x0 ../hello_ucos_bsp//libucosii_bsp.a(os_task.o)
 .data          0x000000000000e9f8        0x0 ../hello_ucos_bsp//libucosii_bsp.a(os_time.o)
 .data          0x000000000000e9f8     0x106c ../hello_ucos_bsp//libucosii_bsp.a(alt_sys_init.o)
 .data          0x000000000000fa64        0x0 ../hello_ucos_bsp//libucosii_bsp.a(altera_avalon_jtag_uart_fd.o)
 .data          0x000000000000fa64        0x0 ../hello_ucos_bsp//libucosii_bsp.a(altera_avalon_jtag_uart_init.o)
 .data          0x000000000000fa64        0x0 ../hello_ucos_bsp//libucosii_bsp.a(altera_avalon_jtag_uart_ioctl.o)
 .data          0x000000000000fa64        0x0 ../hello_ucos_bsp//libucosii_bsp.a(altera_avalon_jtag_uart_read.o)
 .data          0x000000000000fa64        0x0 ../hello_ucos_bsp//libucosii_bsp.a(altera_avalon_jtag_uart_write.o)
 .data          0x000000000000fa64        0x0 ../hello_ucos_bsp//libucosii_bsp.a(altera_avalon_timer_sc.o)
 .data          0x000000000000fa64        0x0 ../hello_ucos_bsp//libucosii_bsp.a(alt_alarm_start.o)
 .data          0x000000000000fa64        0x0 ../hello_ucos_bsp//libucosii_bsp.a(alt_dcache_flush_all.o)
 .data          0x000000000000fa64        0x0 ../hello_ucos_bsp//libucosii_bsp.a(alt_dev_llist_insert.o)
 .data          0x000000000000fa64        0x0 ../hello_ucos_bsp//libucosii_bsp.a(alt_do_ctors.o)
 .data          0x000000000000fa64        0x0 ../hello_ucos_bsp//libucosii_bsp.a(alt_do_dtors.o)
 .data          0x000000000000fa64        0x0 ../hello_ucos_bsp//libucosii_bsp.a(alt_icache_flush_all.o)
 .data          0x000000000000fa64        0x0 ../hello_ucos_bsp//libucosii_bsp.a(alt_iic.o)
 .data          0x000000000000fa64        0x0 ../hello_ucos_bsp//libucosii_bsp.a(alt_iic_isr_register.o)
 .data          0x000000000000fa64        0x0 ../hello_ucos_bsp//libucosii_bsp.a(alt_io_redirect.o)
 .data          0x000000000000fa64        0x0 ../hello_ucos_bsp//libucosii_bsp.a(alt_irq_entry.o)
 .data          0x000000000000fa64        0x0 ../hello_ucos_bsp//libucosii_bsp.a(alt_irq_handler.o)
 .data          0x000000000000fa64        0x0 ../hello_ucos_bsp//libucosii_bsp.a(alt_irq_vars.o)
 .data          0x000000000000fa64        0x0 ../hello_ucos_bsp//libucosii_bsp.a(alt_open.o)
 .data          0x000000000000fa64        0x0 ../hello_ucos_bsp//libucosii_bsp.a(alt_tick.o)
 .data          0x000000000000fa64        0x0 ../hello_ucos_bsp//libucosii_bsp.a(altera_nios2_gen2_irq.o)
 .data          0x000000000000fa64        0x0 ../hello_ucos_bsp//libucosii_bsp.a(os_cpu_a.o)
 .data          0x000000000000fa64        0x0 ../hello_ucos_bsp//libucosii_bsp.a(os_cpu_c.o)
 .data          0x000000000000fa64        0x0 ../hello_ucos_bsp//libucosii_bsp.a(alt_exception_entry.o)
 .data          0x000000000000fa64        0x0 ../hello_ucos_bsp//libucosii_bsp.a(alt_find_dev.o)
 .data          0x000000000000fa64        0x0 ../hello_ucos_bsp//libucosii_bsp.a(alt_find_file.o)
 .data          0x000000000000fa64        0x0 ../hello_ucos_bsp//libucosii_bsp.a(alt_get_fd.o)
 .data          0x000000000000fa64        0x0 ../hello_ucos_bsp//libucosii_bsp.a(alt_icache_flush.o)
 .data          0x000000000000fa64        0x0 ../hello_ucos_bsp//libucosii_bsp.a(alt_instruction_exception_entry.o)
 .data          0x000000000000fa64        0x0 /opt/intelFPGA/21.1/nios2eds/bin/gnu/H-x86_64-pc-linux-gnu/bin/../lib/gcc/nios2-elf/11.2.1/../../../../../H-x86_64-pc-linux-gnu/nios2-elf/lib/libc.a(lib_a-atexit.o)
 .data          0x000000000000fa64        0x0 /opt/intelFPGA/21.1/nios2eds/bin/gnu/H-x86_64-pc-linux-gnu/bin/../lib/gcc/nios2-elf/11.2.1/../../../../../H-x86_64-pc-linux-gnu/nios2-elf/lib/libc.a(lib_a-exit.o)
 .data          0x000000000000fa64        0x0 /opt/intelFPGA/21.1/nios2eds/bin/gnu/H-x86_64-pc-linux-gnu/bin/../lib/gcc/nios2-elf/11.2.1/../../../../../H-x86_64-pc-linux-gnu/nios2-elf/lib/libc.a(lib_a-memcmp.o)
 .data          0x000000000000fa64        0x0 /opt/intelFPGA/21.1/nios2eds/bin/gnu/H-x86_64-pc-linux-gnu/bin/../lib/gcc/nios2-elf/11.2.1/../../../../../H-x86_64-pc-linux-gnu/nios2-elf/lib/libc.a(lib_a-__atexit.o)
 .data          0x000000000000fa64        0x0 /opt/intelFPGA/21.1/nios2eds/bin/gnu/H-x86_64-pc-linux-gnu/bin/../lib/gcc/nios2-elf/11.2.1/../../../../../H-x86_64-pc-linux-gnu/nios2-elf/lib/libc.a(lib_a-__call_atexit.o)
 .data          0x000000000000fa64        0x0 ../hello_ucos_bsp//libucosii_bsp.a(alt_exit.o)
                0x0000000000017a64                _gp = ABSOLUTE ((. + 0x8000))
                [!provide]                        PROVIDE (gp = _gp)
 *(.rwdata .rwdata.*)
 *(.sdata .sdata.* .gnu.linkonce.s.*)
 .sdata._global_impure_ptr
                0x000000000000fa64        0x4 /opt/intelFPGA/21.1/nios2eds/bin/gnu/H-x86_64-pc-linux-gnu/bin/../lib/gcc/nios2-elf/11.2.1/../../../../../H-x86_64-pc-linux-gnu/nios2-elf/lib/libc.a(lib_a-impure.o)
                0x000000000000fa64                _global_impure_ptr
 .sdata._impure_ptr
                0x000000000000fa68        0x4 /opt/intelFPGA/21.1/nios2eds/bin/gnu/H-x86_64-pc-linux-gnu/bin/../lib/gcc/nios2-elf/11.2.1/../../../../../H-x86_64-pc-linux-gnu/nios2-elf/lib/libc.a(lib_a-impure.o)
                0x000000000000fa68                _impure_ptr
 .sdata.__malloc_sbrk_base
                0x000000000000fa6c        0x4 /opt/intelFPGA/21.1/nios2eds/bin/gnu/H-x86_64-pc-linux-gnu/bin/../lib/gcc/nios2-elf/11.2.1/../../../../../H-x86_64-pc-linux-gnu/nios2-elf/lib/libc.a(lib_a-mallocr.o)
                0x000000000000fa6c                __malloc_sbrk_base
 .sdata.__malloc_trim_threshold
                0x000000000000fa70        0x4 /opt/intelFPGA/21.1/nios2eds/bin/gnu/H-x86_64-pc-linux-gnu/bin/../lib/gcc/nios2-elf/11.2.1/../../../../../H-x86_64-pc-linux-gnu/nios2-elf/lib/libc.a(lib_a-mallocr.o)
                0x000000000000fa70                __malloc_trim_threshold
 .sdata         0x000000000000fa74       0x14 ../hello_ucos_bsp//libucosii_bsp.a(alt_dev.o)
                0x000000000000fa74                alt_fs_list
                0x000000000000fa7c                alt_dev_list
                0x000000000000fa84                alt_max_fd
 .sdata         0x000000000000fa88        0x4 ../hello_ucos_bsp//libucosii_bsp.a(alt_errno.o)
                0x000000000000fa88                alt_errno
 .sdata         0x000000000000fa8c        0x4 ../hello_ucos_bsp//libucosii_bsp.a(alt_sbrk.o)
 .sdata         0x000000000000fa90        0x4 ../hello_ucos_bsp//libucosii_bsp.a(alt_env_lock.o)
 .sdata         0x000000000000fa94        0x4 ../hello_ucos_bsp//libucosii_bsp.a(alt_malloc_lock.o)
 .sdata         0x000000000000fa98       0x76 ../hello_ucos_bsp//libucosii_bsp.a(os_dbg_r.o)
                0x000000000000fa98                OSDebugEn
                0x000000000000fa9c                OSEndiannessTest
                0x000000000000faa0                OSEventEn
                0x000000000000faa2                OSEventMax
                0x000000000000faa4                OSEventNameEn
                0x000000000000faa6                OSEventSize
                0x000000000000faa8                OSEventTblSize
                0x000000000000faaa                OSEventMultiEn
                0x000000000000faac                OSFlagEn
                0x000000000000faae                OSFlagGrpSize
                0x000000000000fab0                OSFlagNodeSize
                0x000000000000fab2                OSFlagWidth
                0x000000000000fab4                OSFlagMax
                0x000000000000fab6                OSFlagNameEn
                0x000000000000fab8                OSLowestPrio
                0x000000000000faba                OSMboxEn
                0x000000000000fabc                OSMemEn
                0x000000000000fabe                OSMemMax
                0x000000000000fac0                OSMemNameEn
                0x000000000000fac2                OSMemSize
                0x000000000000fac4                OSMemTblSize
                0x000000000000fac6                OSMutexEn
                0x000000000000fac8                OSPtrSize
                0x000000000000faca                OSQEn
                0x000000000000facc                OSQMax
                0x000000000000face                OSQSize
                0x000000000000fad0                OSRdyTblSize
                0x000000000000fad2                OSSemEn
                0x000000000000fad4                OSStkWidth
                0x000000000000fad6                OSTaskCreateEn
                0x000000000000fad8                OSTaskCreateExtEn
                0x000000000000fada                OSTaskDelEn
                0x000000000000fadc                OSTaskIdleStkSize
                0x000000000000fade                OSTaskProfileEn
                0x000000000000fae0                OSTaskMax
                0x000000000000fae2                OSTaskNameEn
                0x000000000000fae4                OSTaskStatEn
                0x000000000000fae6                OSTaskStatStkSize
                0x000000000000fae8                OSTaskStatStkChkEn
                0x000000000000faea                OSTaskSwHookEn
                0x000000000000faec                OSTaskRegTblSize
                0x000000000000faee                OSTCBPrioTblMax
                0x000000000000faf0                OSTCBSize
                0x000000000000faf2                OSTicksPerSec
                0x000000000000faf4                OSTimeTickHookEn
                0x000000000000faf6                OSVersionNbr
                0x000000000000faf8                OS_TLS_TblSize
                0x000000000000fafa                OSTmrEn
                0x000000000000fafc                OSTmrCfgMax
                0x000000000000fafe                OSTmrCfgNameEn
                0x000000000000fb00                OSTmrCfgWheelSize
                0x000000000000fb02                OSTmrCfgTicksPerSec
                0x000000000000fb04                OSTmrSize
                0x000000000000fb06                OSTmrTblSize
                0x000000000000fb08                OSTmrWheelSize
                0x000000000000fb0a                OSTmrWheelTblSize
                0x000000000000fb0c                OSDataSize
 *fill*         0x000000000000fb0e        0x2 
 .sdata         0x000000000000fb10        0x4 ../hello_ucos_bsp//libucosii_bsp.a(alt_irq_vars.o)
                0x000000000000fb10                alt_priority_mask
 .sdata         0x000000000000fb14        0x8 ../hello_ucos_bsp//libucosii_bsp.a(alt_tick.o)
                0x000000000000fb14                alt_alarm_list
 *(.sdata2 .sdata2.* .gnu.linkonce.s2.*)
                0x000000000000fb1c                . = ALIGN (0x4)
                0x000000000000fb1c                _edata = ABSOLUTE (.)
                [!provide]                        PROVIDE (edata = ABSOLUTE (.))
                0x000000000000fb1c                PROVIDE (__ram_rwdata_end = ABSOLUTE (.))
                0x000000000000fb1c                PROVIDE (__flash_rwdata_start = LOADADDR (.rwdata))

.bss            0x0000000000011614     0x699c
                0x0000000000011614                __bss_start = ABSOLUTE (.)
                [!provide]                        PROVIDE (__sbss_start = ABSOLUTE (.))
                [!provide]                        PROVIDE (___sbss_start = ABSOLUTE (.))
 *(.dynsbss)
 *(.sbss .sbss.* .gnu.linkonce.sb.*)
 .sbss.__malloc_max_total_mem
                0x0000000000011614        0x4 /opt/intelFPGA/21.1/nios2eds/bin/gnu/H-x86_64-pc-linux-gnu/bin/../lib/gcc/nios2-elf/11.2.1/../../../../../H-x86_64-pc-linux-gnu/nios2-elf/lib/libc.a(lib_a-mallocr.o)
                0x0000000000011614                __malloc_max_total_mem
 .sbss.__malloc_max_sbrked_mem
                0x0000000000011618        0x4 /opt/intelFPGA/21.1/nios2eds/bin/gnu/H-x86_64-pc-linux-gnu/bin/../lib/gcc/nios2-elf/11.2.1/../../../../../H-x86_64-pc-linux-gnu/nios2-elf/lib/libc.a(lib_a-mallocr.o)
                0x0000000000011618                __malloc_max_sbrked_mem
 .sbss.__malloc_top_pad
                0x000000000001161c        0x4 /opt/intelFPGA/21.1/nios2eds/bin/gnu/H-x86_64-pc-linux-gnu/bin/../lib/gcc/nios2-elf/11.2.1/../../../../../H-x86_64-pc-linux-gnu/nios2-elf/lib/libc.a(lib_a-mallocr.o)
                0x000000000001161c                __malloc_top_pad
 .sbss.errno    0x0000000000011620        0x4 /opt/intelFPGA/21.1/nios2eds/bin/gnu/H-x86_64-pc-linux-gnu/bin/../lib/gcc/nios2-elf/11.2.1/../../../../../H-x86_64-pc-linux-gnu/nios2-elf/lib/libc.a(lib_a-int_errno.o)
                0x0000000000011620                errno
 .sbss          0x0000000000011624        0x4 ../hello_ucos_bsp//libucosii_bsp.a(alt_dev.o)
                0x0000000000011624                alt_fd_list_lock
 .sbss          0x0000000000011628        0xc ../hello_ucos_bsp//libucosii_bsp.a(alt_main.o)
                0x0000000000011628                alt_argc
                0x000000000001162c                alt_argv
                0x0000000000011630                alt_envp
 .sbss          0x0000000000011634        0x8 ../hello_ucos_bsp//libucosii_bsp.a(alt_env_lock.o)
                0x0000000000011634                alt_envsem
 .sbss          0x000000000001163c        0x8 ../hello_ucos_bsp//libucosii_bsp.a(alt_malloc_lock.o)
                0x000000000001163c                alt_heapsem
 .sbss          0x0000000000011644       0x4c ../hello_ucos_bsp//libucosii_bsp.a(os_core.o)
                0x0000000000011644                OSCtxSwCtr
                0x0000000000011648                OSEventFreeList
                0x000000000001164c                OSFlagFreeList
                0x0000000000011650                OSCPUUsage
                0x0000000000011654                OSIdleCtrMax
                0x0000000000011658                OSIdleCtrRun
                0x000000000001165c                OSStatRdy
                0x000000000001165d                OSIntNesting
                0x000000000001165e                OSLockNesting
                0x000000000001165f                OSPrioCur
                0x0000000000011660                OSPrioHighRdy
                0x0000000000011661                OSRdyGrp
                0x0000000000011662                OSRdyTbl
                0x0000000000011665                OSRunning
                0x0000000000011666                OSTaskCtr
                0x0000000000011668                OSIdleCtr
                0x000000000001166c                OSTCBCur
                0x0000000000011670                OSTCBFreeList
                0x0000000000011674                OSTCBHighRdy
                0x0000000000011678                OSTCBList
                0x000000000001167c                OSTickStepState
                0x0000000000011680                OSMemFreeList
                0x0000000000011684                OSQFreeList
                0x0000000000011688                OSTaskRegNextAvailID
                0x000000000001168c                OSTime
 .sbss          0x0000000000011690        0x4 ../hello_ucos_bsp//libucosii_bsp.a(alt_irq_vars.o)
                0x0000000000011690                alt_irq_active
 .sbss          0x0000000000011694        0xc ../hello_ucos_bsp//libucosii_bsp.a(alt_tick.o)
                0x0000000000011694                _alt_tick_rate
                0x0000000000011698                _alt_nticks
 .sbss          0x00000000000116a0        0x4 ../hello_ucos_bsp//libucosii_bsp.a(alt_instruction_exception_entry.o)
                0x00000000000116a0                alt_instruction_exception_handler
 *(.sbss2 .sbss2.* .gnu.linkonce.sb2.*)
 *(.scommon)
                [!provide]                        PROVIDE (__sbss_end = ABSOLUTE (.))
                [!provide]                        PROVIDE (___sbss_end = ABSOLUTE (.))
 *(.dynbss)
 *(.bss .bss.* .gnu.linkonce.b.*)
 .bss           0x00000000000116a4        0x0 ../hello_ucos_bsp//obj/HAL/src/crt0.o
 .bss           0x00000000000116a4     0x4000 obj/default/hello_ucosii.o
                0x00000000000116a4                task1_stk
                0x00000000000136a4                task2_stk
 .bss           0x00000000000156a4        0x0 /opt/intelFPGA/21.1/nios2eds/bin/gnu/H-x86_64-pc-linux-gnu/bin/../lib/gcc/nios2-elf/11.2.1/../../../../../H-x86_64-pc-linux-gnu/nios2-elf/lib/libc.a(lib_a-puts.o)
 .bss           0x00000000000156a4        0x0 /opt/intelFPGA/21.1/nios2eds/bin/gnu/H-x86_64-pc-linux-gnu/bin/../lib/gcc/nios2-elf/11.2.1/../../../../../H-x86_64-pc-linux-gnu/nios2-elf/lib/libc.a(lib_a-strlen.o)
 .bss           0x00000000000156a4        0x0 /opt/intelFPGA/21.1/nios2eds/bin/gnu/H-x86_64-pc-linux-gnu/bin/../lib/gcc/nios2-elf/11.2.1/../../../../../H-x86_64-pc-linux-gnu/nios2-elf/lib/libc.a(lib_a-findfp.o)
 .bss           0x00000000000156a4        0x0 /opt/intelFPGA/21.1/nios2eds/bin/gnu/H-x86_64-pc-linux-gnu/bin/../lib/gcc/nios2-elf/11.2.1/../../../../../H-x86_64-pc-linux-gnu/nios2-elf/lib/libc.a(lib_a-fvwrite.o)
 .bss           0x00000000000156a4        0x0 /opt/intelFPGA/21.1/nios2eds/bin/gnu/H-x86_64-pc-linux-gnu/bin/../lib/gcc/nios2-elf/11.2.1/../../../../../H-x86_64-pc-linux-gnu/nios2-elf/lib/libc.a(lib_a-fwalk.o)
 .bss           0x00000000000156a4        0x0 /opt/intelFPGA/21.1/nios2eds/bin/gnu/H-x86_64-pc-linux-gnu/bin/../lib/gcc/nios2-elf/11.2.1/../../../../../H-x86_64-pc-linux-gnu/nios2-elf/lib/libc.a(lib_a-impure.o)
 .bss           0x00000000000156a4        0x0 /opt/intelFPGA/21.1/nios2eds/bin/gnu/H-x86_64-pc-linux-gnu/bin/../lib/gcc/nios2-elf/11.2.1/../../../../../H-x86_64-pc-linux-gnu/nios2-elf/lib/libc.a(lib_a-mallocr.o)
 .bss.__malloc_current_mallinfo
                0x00000000000156a4       0x28 /opt/intelFPGA/21.1/nios2eds/bin/gnu/H-x86_64-pc-linux-gnu/bin/../lib/gcc/nios2-elf/11.2.1/../../../../../H-x86_64-pc-linux-gnu/nios2-elf/lib/libc.a(lib_a-mallocr.o)
                0x00000000000156a4                __malloc_current_mallinfo
 .bss           0x00000000000156cc        0x0 /opt/intelFPGA/21.1/nios2eds/bin/gnu/H-x86_64-pc-linux-gnu/bin/../lib/gcc/nios2-elf/11.2.1/../../../../../H-x86_64-pc-linux-gnu/nios2-elf/lib/libc.a(lib_a-memchr.o)
 .bss           0x00000000000156cc        0x0 /opt/intelFPGA/21.1/nios2eds/bin/gnu/H-x86_64-pc-linux-gnu/bin/../lib/gcc/nios2-elf/11.2.1/../../../../../H-x86_64-pc-linux-gnu/nios2-elf/lib/libc.a(lib_a-memcpy.o)
 .bss           0x00000000000156cc        0x0 /opt/intelFPGA/21.1/nios2eds/bin/gnu/H-x86_64-pc-linux-gnu/bin/../lib/gcc/nios2-elf/11.2.1/../../../../../H-x86_64-pc-linux-gnu/nios2-elf/lib/libc.a(lib_a-memmove.o)
 .bss           0x00000000000156cc        0x0 /opt/intelFPGA/21.1/nios2eds/bin/gnu/H-x86_64-pc-linux-gnu/bin/../lib/gcc/nios2-elf/11.2.1/../../../../../H-x86_64-pc-linux-gnu/nios2-elf/lib/libc.a(lib_a-memset.o)
 .bss           0x00000000000156cc        0x0 /opt/intelFPGA/21.1/nios2eds/bin/gnu/H-x86_64-pc-linux-gnu/bin/../lib/gcc/nios2-elf/11.2.1/../../../../../H-x86_64-pc-linux-gnu/nios2-elf/lib/libc.a(lib_a-reallocr.o)
 .bss           0x00000000000156cc        0x0 /opt/intelFPGA/21.1/nios2eds/bin/gnu/H-x86_64-pc-linux-gnu/bin/../lib/gcc/nios2-elf/11.2.1/../../../../../H-x86_64-pc-linux-gnu/nios2-elf/lib/libc.a(lib_a-sbrkr.o)
 .bss           0x00000000000156cc        0x0 /opt/intelFPGA/21.1/nios2eds/bin/gnu/H-x86_64-pc-linux-gnu/bin/../lib/gcc/nios2-elf/11.2.1/../../../../../H-x86_64-pc-linux-gnu/nios2-elf/lib/libc.a(lib_a-stdio.o)
 .bss           0x00000000000156cc        0x0 /opt/intelFPGA/21.1/nios2eds/bin/gnu/H-x86_64-pc-linux-gnu/bin/../lib/gcc/nios2-elf/11.2.1/../../../../../H-x86_64-pc-linux-gnu/nios2-elf/lib/libc.a(lib_a-writer.o)
 .bss           0x00000000000156cc        0x0 /opt/intelFPGA/21.1/nios2eds/bin/gnu/H-x86_64-pc-linux-gnu/bin/../lib/gcc/nios2-elf/11.2.1/../../../../../H-x86_64-pc-linux-gnu/nios2-elf/lib/libc.a(lib_a-wsetup.o)
 .bss           0x00000000000156cc        0x0 /opt/intelFPGA/21.1/nios2eds/bin/gnu/H-x86_64-pc-linux-gnu/bin/../lib/gcc/nios2-elf/11.2.1/../../../../../H-x86_64-pc-linux-gnu/nios2-elf/lib/libc.a(closer.o)
 .bss           0x00000000000156cc        0x0 /opt/intelFPGA/21.1/nios2eds/bin/gnu/H-x86_64-pc-linux-gnu/bin/../lib/gcc/nios2-elf/11.2.1/../../../../../H-x86_64-pc-linux-gnu/nios2-elf/lib/libc.a(lib_a-fclose.o)
 .bss           0x00000000000156cc        0x0 /opt/intelFPGA/21.1/nios2eds/bin/gnu/H-x86_64-pc-linux-gnu/bin/../lib/gcc/nios2-elf/11.2.1/../../../../../H-x86_64-pc-linux-gnu/nios2-elf/lib/libc.a(lib_a-fflush.o)
 .bss           0x00000000000156cc        0x0 /opt/intelFPGA/21.1/nios2eds/bin/gnu/H-x86_64-pc-linux-gnu/bin/../lib/gcc/nios2-elf/11.2.1/../../../../../H-x86_64-pc-linux-gnu/nios2-elf/lib/libc.a(lib_a-freer.o)
 .bss           0x00000000000156cc        0x0 /opt/intelFPGA/21.1/nios2eds/bin/gnu/H-x86_64-pc-linux-gnu/bin/../lib/gcc/nios2-elf/11.2.1/../../../../../H-x86_64-pc-linux-gnu/nios2-elf/lib/libc.a(lib_a-int_errno.o)
 .bss           0x00000000000156cc        0x0 /opt/intelFPGA/21.1/nios2eds/bin/gnu/H-x86_64-pc-linux-gnu/bin/../lib/gcc/nios2-elf/11.2.1/../../../../../H-x86_64-pc-linux-gnu/nios2-elf/lib/libc.a(lib_a-lseekr.o)
 .bss           0x00000000000156cc        0x0 /opt/intelFPGA/21.1/nios2eds/bin/gnu/H-x86_64-pc-linux-gnu/bin/../lib/gcc/nios2-elf/11.2.1/../../../../../H-x86_64-pc-linux-gnu/nios2-elf/lib/libc.a(lib_a-makebuf.o)
 .bss           0x00000000000156cc        0x0 /opt/intelFPGA/21.1/nios2eds/bin/gnu/H-x86_64-pc-linux-gnu/bin/../lib/gcc/nios2-elf/11.2.1/../../../../../H-x86_64-pc-linux-gnu/nios2-elf/lib/libc.a(lib_a-readr.o)
 .bss           0x00000000000156cc        0x0 /opt/intelFPGA/21.1/nios2eds/bin/gnu/H-x86_64-pc-linux-gnu/bin/../lib/gcc/nios2-elf/11.2.1/../../../../../H-x86_64-pc-linux-gnu/nios2-elf/lib/libc.a(lib_a-fstatr.o)
 .bss           0x00000000000156cc        0x0 /opt/intelFPGA/21.1/nios2eds/bin/gnu/H-x86_64-pc-linux-gnu/bin/../lib/gcc/nios2-elf/11.2.1/../../../../../H-x86_64-pc-linux-gnu/nios2-elf/lib/libc.a(lib_a-isattyr.o)
 .bss           0x00000000000156cc        0x0 /opt/intelFPGA/21.1/nios2eds/bin/gnu/H-x86_64-pc-linux-gnu/bin/../lib/gcc/nios2-elf/11.2.1/libgcc.a(lib2-divmod.o)
 .bss           0x00000000000156cc        0x0 ../hello_ucos_bsp//libucosii_bsp.a(alt_close.o)
 .bss           0x00000000000156cc        0x0 ../hello_ucos_bsp//libucosii_bsp.a(alt_dev.o)
 .bss           0x00000000000156cc        0x0 ../hello_ucos_bsp//libucosii_bsp.a(alt_errno.o)
 .bss           0x00000000000156cc        0x0 ../hello_ucos_bsp//libucosii_bsp.a(alt_fstat.o)
 .bss           0x00000000000156cc        0x0 ../hello_ucos_bsp//libucosii_bsp.a(alt_isatty.o)
 .bss           0x00000000000156cc        0x0 ../hello_ucos_bsp//libucosii_bsp.a(alt_load.o)
 .bss           0x00000000000156cc        0x0 ../hello_ucos_bsp//libucosii_bsp.a(alt_lseek.o)
 .bss           0x00000000000156cc        0x0 ../hello_ucos_bsp//libucosii_bsp.a(alt_main.o)
 .bss           0x00000000000156cc        0x0 ../hello_ucos_bsp//libucosii_bsp.a(alt_read.o)
 .bss           0x00000000000156cc        0x0 ../hello_ucos_bsp//libucosii_bsp.a(alt_release_fd.o)
 .bss           0x00000000000156cc        0x0 ../hello_ucos_bsp//libucosii_bsp.a(alt_sbrk.o)
 .bss           0x00000000000156cc        0x0 ../hello_ucos_bsp//libucosii_bsp.a(alt_write.o)
 .bss           0x00000000000156cc        0x0 ../hello_ucos_bsp//libucosii_bsp.a(alt_env_lock.o)
 .bss           0x00000000000156cc        0x0 ../hello_ucos_bsp//libucosii_bsp.a(alt_malloc_lock.o)
 .bss           0x00000000000156cc     0x27e4 ../hello_ucos_bsp//libucosii_bsp.a(os_core.o)
                0x00000000000156cc                OSEventTbl
                0x0000000000015b7c                OSFlagTbl
                0x0000000000015cbc                OSTaskStatStk
                0x00000000000164bc                OSTaskIdleStk
                0x0000000000016cbc                OSTCBPrioTbl
                0x0000000000016d10                OSTCBTbl
                0x0000000000017730                OSMemTbl
                0x0000000000017cd0                OSQTbl
 .bss           0x0000000000017eb0        0x0 ../hello_ucos_bsp//libucosii_bsp.a(os_dbg_r.o)
 .bss           0x0000000000017eb0        0x0 ../hello_ucos_bsp//libucosii_bsp.a(os_flag.o)
 .bss           0x0000000000017eb0        0x0 ../hello_ucos_bsp//libucosii_bsp.a(os_mem.o)
 .bss           0x0000000000017eb0        0x0 ../hello_ucos_bsp//libucosii_bsp.a(os_q.o)
 .bss           0x0000000000017eb0        0x0 ../hello_ucos_bsp//libucosii_bsp.a(os_sem.o)
 .bss           0x0000000000017eb0        0x0 ../hello_ucos_bsp//libucosii_bsp.a(os_task.o)
 .bss           0x0000000000017eb0        0x0 ../hello_ucos_bsp//libucosii_bsp.a(os_time.o)
 .bss           0x0000000000017eb0        0x0 ../hello_ucos_bsp//libucosii_bsp.a(alt_sys_init.o)
 .bss           0x0000000000017eb0        0x0 ../hello_ucos_bsp//libucosii_bsp.a(altera_avalon_jtag_uart_fd.o)
 .bss           0x0000000000017eb0        0x0 ../hello_ucos_bsp//libucosii_bsp.a(altera_avalon_jtag_uart_init.o)
 .bss           0x0000000000017eb0        0x0 ../hello_ucos_bsp//libucosii_bsp.a(altera_avalon_jtag_uart_ioctl.o)
 .bss           0x0000000000017eb0        0x0 ../hello_ucos_bsp//libucosii_bsp.a(altera_avalon_jtag_uart_read.o)
 .bss           0x0000000000017eb0        0x0 ../hello_ucos_bsp//libucosii_bsp.a(altera_avalon_jtag_uart_write.o)
 .bss           0x0000000000017eb0        0x0 ../hello_ucos_bsp//libucosii_bsp.a(altera_avalon_timer_sc.o)
 .bss           0x0000000000017eb0        0x0 ../hello_ucos_bsp//libucosii_bsp.a(alt_alarm_start.o)
 .bss           0x0000000000017eb0        0x0 ../hello_ucos_bsp//libucosii_bsp.a(alt_dcache_flush_all.o)
 .bss           0x0000000000017eb0        0x0 ../hello_ucos_bsp//libucosii_bsp.a(alt_dev_llist_insert.o)
 .bss           0x0000000000017eb0        0x0 ../hello_ucos_bsp//libucosii_bsp.a(alt_do_ctors.o)
 .bss           0x0000000000017eb0        0x0 ../hello_ucos_bsp//libucosii_bsp.a(alt_do_dtors.o)
 .bss           0x0000000000017eb0        0x0 ../hello_ucos_bsp//libucosii_bsp.a(alt_icache_flush_all.o)
 .bss           0x0000000000017eb0        0x0 ../hello_ucos_bsp//libucosii_bsp.a(alt_iic.o)
 .bss           0x0000000000017eb0        0x0 ../hello_ucos_bsp//libucosii_bsp.a(alt_iic_isr_register.o)
 .bss           0x0000000000017eb0        0x0 ../hello_ucos_bsp//libucosii_bsp.a(alt_io_redirect.o)
 .bss           0x0000000000017eb0        0x0 ../hello_ucos_bsp//libucosii_bsp.a(alt_irq_entry.o)
 .bss           0x0000000000017eb0      0x100 ../hello_ucos_bsp//libucosii_bsp.a(alt_irq_handler.o)
                0x0000000000017eb0                alt_irq
 .bss           0x0000000000017fb0        0x0 ../hello_ucos_bsp//libucosii_bsp.a(alt_irq_vars.o)
 .bss           0x0000000000017fb0        0x0 ../hello_ucos_bsp//libucosii_bsp.a(alt_open.o)
 .bss           0x0000000000017fb0        0x0 ../hello_ucos_bsp//libucosii_bsp.a(alt_tick.o)
 .bss           0x0000000000017fb0        0x0 ../hello_ucos_bsp//libucosii_bsp.a(altera_nios2_gen2_irq.o)
 .bss           0x0000000000017fb0        0x0 ../hello_ucos_bsp//libucosii_bsp.a(os_cpu_a.o)
 .bss           0x0000000000017fb0        0x0 ../hello_ucos_bsp//libucosii_bsp.a(os_cpu_c.o)
 .bss           0x0000000000017fb0        0x0 ../hello_ucos_bsp//libucosii_bsp.a(alt_exception_entry.o)
 .bss           0x0000000000017fb0        0x0 ../hello_ucos_bsp//libucosii_bsp.a(alt_find_dev.o)
 .bss           0x0000000000017fb0        0x0 ../hello_ucos_bsp//libucosii_bsp.a(alt_find_file.o)
 .bss           0x0000000000017fb0        0x0 ../hello_ucos_bsp//libucosii_bsp.a(alt_get_fd.o)
 .bss           0x0000000000017fb0        0x0 ../hello_ucos_bsp//libucosii_bsp.a(alt_icache_flush.o)
 .bss           0x0000000000017fb0        0x0 ../hello_ucos_bsp//libucosii_bsp.a(alt_instruction_exception_entry.o)
 .bss           0x0000000000017fb0        0x0 /opt/intelFPGA/21.1/nios2eds/bin/gnu/H-x86_64-pc-linux-gnu/bin/../lib/gcc/nios2-elf/11.2.1/../../../../../H-x86_64-pc-linux-gnu/nios2-elf/lib/libc.a(lib_a-atexit.o)
 .bss           0x0000000000017fb0        0x0 /opt/intelFPGA/21.1/nios2eds/bin/gnu/H-x86_64-pc-linux-gnu/bin/../lib/gcc/nios2-elf/11.2.1/../../../../../H-x86_64-pc-linux-gnu/nios2-elf/lib/libc.a(lib_a-exit.o)
 .bss           0x0000000000017fb0        0x0 /opt/intelFPGA/21.1/nios2eds/bin/gnu/H-x86_64-pc-linux-gnu/bin/../lib/gcc/nios2-elf/11.2.1/../../../../../H-x86_64-pc-linux-gnu/nios2-elf/lib/libc.a(lib_a-memcmp.o)
 .bss           0x0000000000017fb0        0x0 /opt/intelFPGA/21.1/nios2eds/bin/gnu/H-x86_64-pc-linux-gnu/bin/../lib/gcc/nios2-elf/11.2.1/../../../../../H-x86_64-pc-linux-gnu/nios2-elf/lib/libc.a(lib_a-__atexit.o)
 .bss           0x0000000000017fb0        0x0 /opt/intelFPGA/21.1/nios2eds/bin/gnu/H-x86_64-pc-linux-gnu/bin/../lib/gcc/nios2-elf/11.2.1/../../../../../H-x86_64-pc-linux-gnu/nios2-elf/lib/libc.a(lib_a-__call_atexit.o)
 .bss           0x0000000000017fb0        0x0 ../hello_ucos_bsp//libucosii_bsp.a(alt_exit.o)
 *(COMMON)
                0x0000000000017fb0                . = ALIGN (0x4)
                0x0000000000017fb0                __bss_end = ABSOLUTE (.)

.sdram          0x0000000000017fb0        0x0
                [!provide]                        PROVIDE (_alt_partition_sdram_start = ABSOLUTE (.))
 *(.sdram .sdram. sdram.*)
                0x0000000000017fb0                . = ALIGN (0x4)
                [!provide]                        PROVIDE (_alt_partition_sdram_end = ABSOLUTE (.))
                0x0000000000017fb0                _end = ABSOLUTE (.)
                0x0000000000017fb0                end = ABSOLUTE (.)
                0x0000000000017fb0                __alt_stack_base = ABSOLUTE (.)
                [!provide]                        PROVIDE (_alt_partition_sdram_load_addr = LOADADDR (.sdram))

.stab
 *(.stab)

.stabstr
 *(.stabstr)

.stab.excl
 *(.stab.excl)

.stab.exclstr
 *(.stab.exclstr)

.stab.index
 *(.stab.index)

.stab.indexstr
 *(.stab.indexstr)

.comment        0x0000000000000000       0x2d
 *(.comment)
 .comment       0x0000000000000000       0x2d obj/default/hello_ucosii.o
                                         0x2e (size before relaxing)
 .comment       0x000000000000002d       0x2e /opt/intelFPGA/21.1/nios2eds/bin/gnu/H-x86_64-pc-linux-gnu/bin/../lib/gcc/nios2-elf/11.2.1/../../../../../H-x86_64-pc-linux-gnu/nios2-elf/lib/libc.a(lib_a-puts.o)
 .comment       0x000000000000002d       0x2e /opt/intelFPGA/21.1/nios2eds/bin/gnu/H-x86_64-pc-linux-gnu/bin/../lib/gcc/nios2-elf/11.2.1/../../../../../H-x86_64-pc-linux-gnu/nios2-elf/lib/libc.a(lib_a-strlen.o)
 .comment       0x000000000000002d       0x2e /opt/intelFPGA/21.1/nios2eds/bin/gnu/H-x86_64-pc-linux-gnu/bin/../lib/gcc/nios2-elf/11.2.1/../../../../../H-x86_64-pc-linux-gnu/nios2-elf/lib/libc.a(lib_a-findfp.o)
 .comment       0x000000000000002d       0x2e /opt/intelFPGA/21.1/nios2eds/bin/gnu/H-x86_64-pc-linux-gnu/bin/../lib/gcc/nios2-elf/11.2.1/../../../../../H-x86_64-pc-linux-gnu/nios2-elf/lib/libc.a(lib_a-fvwrite.o)
 .comment       0x000000000000002d       0x2e /opt/intelFPGA/21.1/nios2eds/bin/gnu/H-x86_64-pc-linux-gnu/bin/../lib/gcc/nios2-elf/11.2.1/../../../../../H-x86_64-pc-linux-gnu/nios2-elf/lib/libc.a(lib_a-fwalk.o)
 .comment       0x000000000000002d       0x2e /opt/intelFPGA/21.1/nios2eds/bin/gnu/H-x86_64-pc-linux-gnu/bin/../lib/gcc/nios2-elf/11.2.1/../../../../../H-x86_64-pc-linux-gnu/nios2-elf/lib/libc.a(lib_a-impure.o)
 .comment       0x000000000000002d       0x2e /opt/intelFPGA/21.1/nios2eds/bin/gnu/H-x86_64-pc-linux-gnu/bin/../lib/gcc/nios2-elf/11.2.1/../../../../../H-x86_64-pc-linux-gnu/nios2-elf/lib/libc.a(lib_a-mallocr.o)
 .comment       0x000000000000002d       0x2e /opt/intelFPGA/21.1/nios2eds/bin/gnu/H-x86_64-pc-linux-gnu/bin/../lib/gcc/nios2-elf/11.2.1/../../../../../H-x86_64-pc-linux-gnu/nios2-elf/lib/libc.a(lib_a-memchr.o)
 .comment       0x000000000000002d       0x2e /opt/intelFPGA/21.1/nios2eds/bin/gnu/H-x86_64-pc-linux-gnu/bin/../lib/gcc/nios2-elf/11.2.1/../../../../../H-x86_64-pc-linux-gnu/nios2-elf/lib/libc.a(lib_a-memcpy.o)
 .comment       0x000000000000002d       0x2e /opt/intelFPGA/21.1/nios2eds/bin/gnu/H-x86_64-pc-linux-gnu/bin/../lib/gcc/nios2-elf/11.2.1/../../../../../H-x86_64-pc-linux-gnu/nios2-elf/lib/libc.a(lib_a-memmove.o)
 .comment       0x000000000000002d       0x2e /opt/intelFPGA/21.1/nios2eds/bin/gnu/H-x86_64-pc-linux-gnu/bin/../lib/gcc/nios2-elf/11.2.1/../../../../../H-x86_64-pc-linux-gnu/nios2-elf/lib/libc.a(lib_a-memset.o)
 .comment       0x000000000000002d       0x2e /opt/intelFPGA/21.1/nios2eds/bin/gnu/H-x86_64-pc-linux-gnu/bin/../lib/gcc/nios2-elf/11.2.1/../../../../../H-x86_64-pc-linux-gnu/nios2-elf/lib/libc.a(lib_a-reallocr.o)
 .comment       0x000000000000002d       0x2e /opt/intelFPGA/21.1/nios2eds/bin/gnu/H-x86_64-pc-linux-gnu/bin/../lib/gcc/nios2-elf/11.2.1/../../../../../H-x86_64-pc-linux-gnu/nios2-elf/lib/libc.a(lib_a-sbrkr.o)
 .comment       0x000000000000002d       0x2e /opt/intelFPGA/21.1/nios2eds/bin/gnu/H-x86_64-pc-linux-gnu/bin/../lib/gcc/nios2-elf/11.2.1/../../../../../H-x86_64-pc-linux-gnu/nios2-elf/lib/libc.a(lib_a-stdio.o)
 .comment       0x000000000000002d       0x2e /opt/intelFPGA/21.1/nios2eds/bin/gnu/H-x86_64-pc-linux-gnu/bin/../lib/gcc/nios2-elf/11.2.1/../../../../../H-x86_64-pc-linux-gnu/nios2-elf/lib/libc.a(lib_a-writer.o)
 .comment       0x000000000000002d       0x2e /opt/intelFPGA/21.1/nios2eds/bin/gnu/H-x86_64-pc-linux-gnu/bin/../lib/gcc/nios2-elf/11.2.1/../../../../../H-x86_64-pc-linux-gnu/nios2-elf/lib/libc.a(lib_a-wsetup.o)
 .comment       0x000000000000002d       0x2e /opt/intelFPGA/21.1/nios2eds/bin/gnu/H-x86_64-pc-linux-gnu/bin/../lib/gcc/nios2-elf/11.2.1/../../../../../H-x86_64-pc-linux-gnu/nios2-elf/lib/libc.a(closer.o)
 .comment       0x000000000000002d       0x2e /opt/intelFPGA/21.1/nios2eds/bin/gnu/H-x86_64-pc-linux-gnu/bin/../lib/gcc/nios2-elf/11.2.1/../../../../../H-x86_64-pc-linux-gnu/nios2-elf/lib/libc.a(lib_a-fclose.o)
 .comment       0x000000000000002d       0x2e /opt/intelFPGA/21.1/nios2eds/bin/gnu/H-x86_64-pc-linux-gnu/bin/../lib/gcc/nios2-elf/11.2.1/../../../../../H-x86_64-pc-linux-gnu/nios2-elf/lib/libc.a(lib_a-fflush.o)
 .comment       0x000000000000002d       0x2e /opt/intelFPGA/21.1/nios2eds/bin/gnu/H-x86_64-pc-linux-gnu/bin/../lib/gcc/nios2-elf/11.2.1/../../../../../H-x86_64-pc-linux-gnu/nios2-elf/lib/libc.a(lib_a-freer.o)
 .comment       0x000000000000002d       0x2e /opt/intelFPGA/21.1/nios2eds/bin/gnu/H-x86_64-pc-linux-gnu/bin/../lib/gcc/nios2-elf/11.2.1/../../../../../H-x86_64-pc-linux-gnu/nios2-elf/lib/libc.a(lib_a-int_errno.o)
 .comment       0x000000000000002d       0x2e /opt/intelFPGA/21.1/nios2eds/bin/gnu/H-x86_64-pc-linux-gnu/bin/../lib/gcc/nios2-elf/11.2.1/../../../../../H-x86_64-pc-linux-gnu/nios2-elf/lib/libc.a(lib_a-lseekr.o)
 .comment       0x000000000000002d       0x2e /opt/intelFPGA/21.1/nios2eds/bin/gnu/H-x86_64-pc-linux-gnu/bin/../lib/gcc/nios2-elf/11.2.1/../../../../../H-x86_64-pc-linux-gnu/nios2-elf/lib/libc.a(lib_a-makebuf.o)
 .comment       0x000000000000002d       0x2e /opt/intelFPGA/21.1/nios2eds/bin/gnu/H-x86_64-pc-linux-gnu/bin/../lib/gcc/nios2-elf/11.2.1/../../../../../H-x86_64-pc-linux-gnu/nios2-elf/lib/libc.a(lib_a-readr.o)
 .comment       0x000000000000002d       0x2e /opt/intelFPGA/21.1/nios2eds/bin/gnu/H-x86_64-pc-linux-gnu/bin/../lib/gcc/nios2-elf/11.2.1/../../../../../H-x86_64-pc-linux-gnu/nios2-elf/lib/libc.a(lib_a-fstatr.o)
 .comment       0x000000000000002d       0x2e /opt/intelFPGA/21.1/nios2eds/bin/gnu/H-x86_64-pc-linux-gnu/bin/../lib/gcc/nios2-elf/11.2.1/../../../../../H-x86_64-pc-linux-gnu/nios2-elf/lib/libc.a(lib_a-isattyr.o)
 .comment       0x000000000000002d       0x2e /opt/intelFPGA/21.1/nios2eds/bin/gnu/H-x86_64-pc-linux-gnu/bin/../lib/gcc/nios2-elf/11.2.1/libgcc.a(lib2-divmod.o)
 .comment       0x000000000000002d       0x2e ../hello_ucos_bsp//libucosii_bsp.a(alt_close.o)
 .comment       0x000000000000002d       0x2e ../hello_ucos_bsp//libucosii_bsp.a(alt_dev.o)
 .comment       0x000000000000002d       0x2e ../hello_ucos_bsp//libucosii_bsp.a(alt_errno.o)
 .comment       0x000000000000002d       0x2e ../hello_ucos_bsp//libucosii_bsp.a(alt_fstat.o)
 .comment       0x000000000000002d       0x2e ../hello_ucos_bsp//libucosii_bsp.a(alt_isatty.o)
 .comment       0x000000000000002d       0x2e ../hello_ucos_bsp//libucosii_bsp.a(alt_load.o)
 .comment       0x000000000000002d       0x2e ../hello_ucos_bsp//libucosii_bsp.a(alt_lseek.o)
 .comment       0x000000000000002d       0x2e ../hello_ucos_bsp//libucosii_bsp.a(alt_main.o)
 .comment       0x000000000000002d       0x2e ../hello_ucos_bsp//libucosii_bsp.a(alt_read.o)
 .comment       0x000000000000002d       0x2e ../hello_ucos_bsp//libucosii_bsp.a(alt_release_fd.o)
 .comment       0x000000000000002d       0x2e ../hello_ucos_bsp//libucosii_bsp.a(alt_sbrk.o)
 .comment       0x000000000000002d       0x2e ../hello_ucos_bsp//libucosii_bsp.a(alt_write.o)
 .comment       0x000000000000002d       0x2e ../hello_ucos_bsp//libucosii_bsp.a(alt_env_lock.o)
 .comment       0x000000000000002d       0x2e ../hello_ucos_bsp//libucosii_bsp.a(alt_malloc_lock.o)
 .comment       0x000000000000002d       0x2e ../hello_ucos_bsp//libucosii_bsp.a(os_core.o)
 .comment       0x000000000000002d       0x2e ../hello_ucos_bsp//libucosii_bsp.a(os_dbg_r.o)
 .comment       0x000000000000002d       0x2e ../hello_ucos_bsp//libucosii_bsp.a(os_flag.o)
 .comment       0x000000000000002d       0x2e ../hello_ucos_bsp//libucosii_bsp.a(os_mem.o)
 .comment       0x000000000000002d       0x2e ../hello_ucos_bsp//libucosii_bsp.a(os_q.o)
 .comment       0x000000000000002d       0x2e ../hello_ucos_bsp//libucosii_bsp.a(os_sem.o)
 .comment       0x000000000000002d       0x2e ../hello_ucos_bsp//libucosii_bsp.a(os_task.o)
 .comment       0x000000000000002d       0x2e ../hello_ucos_bsp//libucosii_bsp.a(os_time.o)
 .comment       0x000000000000002d       0x2e ../hello_ucos_bsp//libucosii_bsp.a(alt_sys_init.o)
 .comment       0x000000000000002d       0x2e ../hello_ucos_bsp//libucosii_bsp.a(altera_avalon_jtag_uart_fd.o)
 .comment       0x000000000000002d       0x2e ../hello_ucos_bsp//libucosii_bsp.a(altera_avalon_jtag_uart_init.o)
 .comment       0x000000000000002d       0x2e ../hello_ucos_bsp//libucosii_bsp.a(altera_avalon_jtag_uart_ioctl.o)
 .comment       0x000000000000002d       0x2e ../hello_ucos_bsp//libucosii_bsp.a(altera_avalon_jtag_uart_read.o)
 .comment       0x000000000000002d       0x2e ../hello_ucos_bsp//libucosii_bsp.a(altera_avalon_jtag_uart_write.o)
 .comment       0x000000000000002d       0x2e ../hello_ucos_bsp//libucosii_bsp.a(altera_avalon_timer_sc.o)
 .comment       0x000000000000002d       0x2e ../hello_ucos_bsp//libucosii_bsp.a(alt_alarm_start.o)
 .comment       0x000000000000002d       0x2e ../hello_ucos_bsp//libucosii_bsp.a(alt_dcache_flush_all.o)
 .comment       0x000000000000002d       0x2e ../hello_ucos_bsp//libucosii_bsp.a(alt_dev_llist_insert.o)
 .comment       0x000000000000002d       0x2e ../hello_ucos_bsp//libucosii_bsp.a(alt_do_ctors.o)
 .comment       0x000000000000002d       0x2e ../hello_ucos_bsp//libucosii_bsp.a(alt_do_dtors.o)
 .comment       0x000000000000002d       0x2e ../hello_ucos_bsp//libucosii_bsp.a(alt_icache_flush_all.o)
 .comment       0x000000000000002d       0x2e ../hello_ucos_bsp//libucosii_bsp.a(alt_iic.o)
 .comment       0x000000000000002d       0x2e ../hello_ucos_bsp//libucosii_bsp.a(alt_iic_isr_register.o)
 .comment       0x000000000000002d       0x2e ../hello_ucos_bsp//libucosii_bsp.a(alt_io_redirect.o)