

================================================================
== Vivado HLS Report for 'normalize_ap_fixed_ap_fixed_config17_0_0_0'
================================================================
* Date:           Wed Nov 12 17:02:57 2025

* Version:        2019.2 (Build 2704478 on Wed Nov 06 22:10:23 MST 2019)
* Project:        model_2_hls4ml_prj_prj
* Solution:       solution1
* Product family: artix7
* Target device:  xc7a100t-csg324-1


================================================================
== Performance Estimates
================================================================
+ Timing: 
    * Summary: 
    +--------+---------+----------+------------+
    |  Clock |  Target | Estimated| Uncertainty|
    +--------+---------+----------+------------+
    |ap_clk  | 5.00 ns | 2.146 ns |   0.62 ns  |
    +--------+---------+----------+------------+

+ Latency: 
    * Summary: 
    +---------+---------+----------+----------+-----+-----+----------+
    |  Latency (cycles) |  Latency (absolute) |  Interval | Pipeline |
    |   min   |   max   |    min   |    max   | min | max |   Type   |
    +---------+---------+----------+----------+-----+-----+----------+
    |        0|        0|   0 ns   |   0 ns   |    1|    1| function |
    +---------+---------+----------+----------+-----+-----+----------+

    + Detail: 
        * Instance: 
        N/A

        * Loop: 
        N/A



================================================================
== Utilization Estimates
================================================================
* Summary: 
+-----------------+---------+-------+--------+-------+-----+
|       Name      | BRAM_18K| DSP48E|   FF   |  LUT  | URAM|
+-----------------+---------+-------+--------+-------+-----+
|DSP              |        -|      -|       -|      -|    -|
|Expression       |        -|      -|       0|     26|    -|
|FIFO             |        -|      -|       -|      -|    -|
|Instance         |        -|      -|       -|      -|    -|
|Memory           |        -|      -|       -|      -|    -|
|Multiplexer      |        -|      -|       -|     18|    -|
|Register         |        -|      -|      18|      -|    -|
+-----------------+---------+-------+--------+-------+-----+
|Total            |        0|      0|      18|     44|    0|
+-----------------+---------+-------+--------+-------+-----+
|Available        |      270|    240|  126800|  63400|    0|
+-----------------+---------+-------+--------+-------+-----+
|Utilization (%)  |        0|      0|   ~0   |   ~0  |    0|
+-----------------+---------+-------+--------+-------+-----+

+ Detail: 
    * Instance: 
    N/A

    * DSP48E: 
    N/A

    * Memory: 
    N/A

    * FIFO: 
    N/A

    * Expression: 
    +-----------------+----------+-------+---+----+------------+------------+
    |  Variable Name  | Operation| DSP48E| FF| LUT| Bitwidth P0| Bitwidth P1|
    +-----------------+----------+-------+---+----+------------+------------+
    |ret_V_fu_79_p2   |     +    |      0|  0|  24|          17|          11|
    |ap_block_state1  |    or    |      0|  0|   2|           1|           1|
    +-----------------+----------+-------+---+----+------------+------------+
    |Total            |          |      0|  0|  26|          18|          12|
    +-----------------+----------+-------+---+----+------------+------------+

    * Multiplexer: 
    +---------+----+-----------+-----+-----------+
    |   Name  | LUT| Input Size| Bits| Total Bits|
    +---------+----+-----------+-----+-----------+
    |ap_done  |   9|          2|    1|          2|
    |res_V    |   9|          2|   16|         32|
    +---------+----+-----------+-----+-----------+
    |Total    |  18|          4|   17|         34|
    +---------+----+-----------+-----+-----------+

    * Register: 
    +-------------+----+----+-----+-----------+
    |     Name    | FF | LUT| Bits| Const Bits|
    +-------------+----+----+-----+-----------+
    |ap_CS_fsm    |   1|   0|    1|          0|
    |ap_done_reg  |   1|   0|    1|          0|
    |res_V_preg   |  16|   0|   16|          0|
    +-------------+----+----+-----+-----------+
    |Total        |  18|   0|   18|          0|
    +-------------+----+----+-----+-----------+



================================================================
== Interface
================================================================
* Summary: 
+--------------+-----+-----+------------+---------------------------------------------+--------------+
|   RTL Ports  | Dir | Bits|  Protocol  |                Source Object                |    C Type    |
+--------------+-----+-----+------------+---------------------------------------------+--------------+
|ap_clk        |  in |    1| ap_ctrl_hs | normalize<ap_fixed,ap_fixed,config17>.0.0.0 | return value |
|ap_rst        |  in |    1| ap_ctrl_hs | normalize<ap_fixed,ap_fixed,config17>.0.0.0 | return value |
|ap_start      |  in |    1| ap_ctrl_hs | normalize<ap_fixed,ap_fixed,config17>.0.0.0 | return value |
|ap_done       | out |    1| ap_ctrl_hs | normalize<ap_fixed,ap_fixed,config17>.0.0.0 | return value |
|ap_continue   |  in |    1| ap_ctrl_hs | normalize<ap_fixed,ap_fixed,config17>.0.0.0 | return value |
|ap_idle       | out |    1| ap_ctrl_hs | normalize<ap_fixed,ap_fixed,config17>.0.0.0 | return value |
|ap_ready      | out |    1| ap_ctrl_hs | normalize<ap_fixed,ap_fixed,config17>.0.0.0 | return value |
|p_read        |  in |   16|   ap_none  |                    p_read                   |    scalar    |
|res_V         | out |   16|   ap_vld   |                    res_V                    |    pointer   |
|res_V_ap_vld  | out |    1|   ap_vld   |                    res_V                    |    pointer   |
+--------------+-----+-----+------------+---------------------------------------------+--------------+

